Component: ARM Compiler 5.06 update 5 (build 528) Tool: armlink [4d35e2]

==============================================================================

Section Cross References

    startup_stm32f429xx.o(RESET) refers to startup_stm32f429xx.o(STACK) for __initial_sp
    startup_stm32f429xx.o(RESET) refers to startup_stm32f429xx.o(.text) for Reset_Handler
    startup_stm32f429xx.o(RESET) refers to stm32f4xx_it.o(i.NMI_Handler) for NMI_Handler
    startup_stm32f429xx.o(RESET) refers to stm32f4xx_it.o(i.HardFault_Handler) for HardFault_Handler
    startup_stm32f429xx.o(RESET) refers to stm32f4xx_it.o(i.MemManage_Handler) for MemManage_Handler
    startup_stm32f429xx.o(RESET) refers to stm32f4xx_it.o(i.BusFault_Handler) for BusFault_Handler
    startup_stm32f429xx.o(RESET) refers to stm32f4xx_it.o(i.UsageFault_Handler) for UsageFault_Handler
    startup_stm32f429xx.o(RESET) refers to stm32f4xx_it.o(i.SVC_Handler) for SVC_Handler
    startup_stm32f429xx.o(RESET) refers to stm32f4xx_it.o(i.DebugMon_Handler) for DebugMon_Handler
    startup_stm32f429xx.o(RESET) refers to stm32f4xx_it.o(i.PendSV_Handler) for PendSV_Handler
    startup_stm32f429xx.o(RESET) refers to stm32f4xx_it.o(i.SysTick_Handler) for SysTick_Handler
    startup_stm32f429xx.o(RESET) refers to stm32f4xx_it.o(i.DMA1_Stream5_IRQHandler) for DMA1_Stream5_IRQHandler
    startup_stm32f429xx.o(RESET) refers to stm32f4xx_it.o(i.ADC_IRQHandler) for ADC_IRQHandler
    startup_stm32f429xx.o(RESET) refers to stm32f4xx_it.o(i.USART1_IRQHandler) for USART1_IRQHandler
    startup_stm32f429xx.o(RESET) refers to stm32f4xx_it.o(i.TIM8_TRG_COM_TIM14_IRQHandler) for TIM8_TRG_COM_TIM14_IRQHandler
    startup_stm32f429xx.o(RESET) refers to stm32f4xx_it.o(i.DMA2_Stream0_IRQHandler) for DMA2_Stream0_IRQHandler
    startup_stm32f429xx.o(RESET) refers to stm32f4xx_it.o(i.DMA2_Stream2_IRQHandler) for DMA2_Stream2_IRQHandler
    startup_stm32f429xx.o(.text) refers to system_stm32f4xx.o(i.SystemInit) for SystemInit
    startup_stm32f429xx.o(.text) refers to entry.o(.ARM.Collect$$$$00000000) for __main
    main.o(i.SystemClock_Config) refers to memseta.o(.text) for __aeabi_memclr4
    main.o(i.SystemClock_Config) refers to stm32f4xx_hal_rcc.o(i.HAL_RCC_OscConfig) for HAL_RCC_OscConfig
    main.o(i.SystemClock_Config) refers to stm32f4xx_hal_rcc.o(i.HAL_RCC_ClockConfig) for HAL_RCC_ClockConfig
    main.o(i.main) refers to stm32f4xx_hal.o(i.HAL_Init) for HAL_Init
    main.o(i.main) refers to main.o(i.SystemClock_Config) for SystemClock_Config
    main.o(i.main) refers to gpio.o(i.MX_GPIO_Init) for MX_GPIO_Init
    main.o(i.main) refers to dma.o(i.MX_DMA_Init) for MX_DMA_Init
    main.o(i.main) refers to usart.o(i.MX_USART1_UART_Init) for MX_USART1_UART_Init
    main.o(i.main) refers to adc.o(i.MX_ADC1_Init) for MX_ADC1_Init
    main.o(i.main) refers to dac.o(i.MX_DAC_Init) for MX_DAC_Init
    main.o(i.main) refers to tim.o(i.MX_TIM3_Init) for MX_TIM3_Init
    main.o(i.main) refers to tim.o(i.MX_TIM6_Init) for MX_TIM6_Init
    main.o(i.main) refers to tim.o(i.MX_TIM14_Init) for MX_TIM14_Init
    main.o(i.main) refers to i2c.o(i.MX_I2C1_Init) for MX_I2C1_Init
    main.o(i.main) refers to spi.o(i.MX_SPI2_Init) for MX_SPI2_Init
    main.o(i.main) refers to sdio.o(i.MX_SDIO_SD_Init) for MX_SDIO_SD_Init
    main.o(i.main) refers to fatfs.o(i.MX_FATFS_Init) for MX_FATFS_Init
    main.o(i.main) refers to rtc.o(i.MX_RTC_Init) for MX_RTC_Init
    main.o(i.main) refers to ringbuffer.o(i.rt_ringbuffer_init) for rt_ringbuffer_init
    main.o(i.main) refers to oled.o(i.OLED_Init) for OLED_Init
    main.o(i.main) refers to adc_app.o(i.adc_tim_dma_init) for adc_tim_dma_init
    main.o(i.main) refers to gd25qxx.o(i.spi_flash_init) for spi_flash_init
    main.o(i.main) refers to device_id.o(i.device_id_init) for device_id_init
    main.o(i.main) refers to sampling_control.o(i.sampling_init) for sampling_init
    main.o(i.main) refers to data_storage.o(i.data_storage_init) for data_storage_init
    main.o(i.main) refers to scheduler.o(i.scheduler_init) for scheduler_init
    main.o(i.main) refers to sampling_control.o(i.sampling_set_cycle) for sampling_set_cycle
    main.o(i.main) refers to device_id.o(i.device_id_print_startup_info) for device_id_print_startup_info
    main.o(i.main) refers to data_storage.o(i.data_storage_write_log) for data_storage_write_log
    main.o(i.main) refers to scheduler.o(i.scheduler_run) for scheduler_run
    main.o(i.main) refers to usart_app.o(.bss) for ringbuffer_pool
    main.o(i.main) refers to usart_app.o(.bss) for uart_ringbuffer
    gpio.o(i.MX_GPIO_Init) refers to memseta.o(.text) for __aeabi_memclr4
    gpio.o(i.MX_GPIO_Init) refers to stm32f4xx_hal_gpio.o(i.HAL_GPIO_WritePin) for HAL_GPIO_WritePin
    gpio.o(i.MX_GPIO_Init) refers to stm32f4xx_hal_gpio.o(i.HAL_GPIO_Init) for HAL_GPIO_Init
    adc.o(i.HAL_ADC_MspDeInit) refers to stm32f4xx_hal_gpio.o(i.HAL_GPIO_DeInit) for HAL_GPIO_DeInit
[...]
    HAL_UARTEx_ReceiveToIdle_DMA             0x0800416b   Thumb Code    78  stm32f4xx_hal_uart.o(i.HAL_UARTEx_ReceiveToIdle_DMA)
    HAL_UARTEx_RxEventCallback               0x080041b9   Thumb Code    60  usart_app.o(i.HAL_UARTEx_RxEventCallback)
    HAL_UART_DMAStop                         0x08004205   Thumb Code   112  stm32f4xx_hal_uart.o(i.HAL_UART_DMAStop)
    HAL_UART_ErrorCallback                   0x08004275   Thumb Code     2  stm32f4xx_hal_uart.o(i.HAL_UART_ErrorCallback)
    HAL_UART_IRQHandler                      0x08004279   Thumb Code   618  stm32f4xx_hal_uart.o(i.HAL_UART_IRQHandler)
    HAL_UART_Init                            0x080044e9   Thumb Code   100  stm32f4xx_hal_uart.o(i.HAL_UART_Init)
    HAL_UART_MspInit                         0x0800454d   Thumb Code   156  usart.o(i.HAL_UART_MspInit)
    HAL_UART_Receive_IT                      0x080045fd   Thumb Code    28  stm32f4xx_hal_uart.o(i.HAL_UART_Receive_IT)
    HAL_UART_RxCpltCallback                  0x08004619   Thumb Code    38  usart_app.o(i.HAL_UART_RxCpltCallback)
    HAL_UART_RxHalfCpltCallback              0x08004655   Thumb Code     2  stm32f4xx_hal_uart.o(i.HAL_UART_RxHalfCpltCallback)
    HAL_UART_Transmit                        0x08004657   Thumb Code   160  stm32f4xx_hal_uart.o(i.HAL_UART_Transmit)
    HAL_UART_TxCpltCallback                  0x080046f7   Thumb Code     2  stm32f4xx_hal_uart.o(i.HAL_UART_TxCpltCallback)
    HardFault_Handler                        0x080046f9   Thumb Code     2  stm32f4xx_it.o(i.HardFault_Handler)
    MX_ADC1_Init                             0x080049cd   Thumb Code   108  adc.o(i.MX_ADC1_Init)
    MX_DAC_Init                              0x08004a41   Thumb Code    52  dac.o(i.MX_DAC_Init)
    MX_DMA_Init                              0x08004a7d   Thumb Code    88  dma.o(i.MX_DMA_Init)
    MX_FATFS_Init                            0x08004ad9   Thumb Code    16  fatfs.o(i.MX_FATFS_Init)
    MX_GPIO_Init                             0x08004af5   Thumb Code   252  gpio.o(i.MX_GPIO_Init)
    MX_I2C1_Init                             0x08004c01   Thumb Code    78  i2c.o(i.MX_I2C1_Init)
    MX_RTC_Init                              0x08004c5d   Thumb Code   150  rtc.o(i.MX_RTC_Init)
    MX_SDIO_SD_Init                          0x08004cfd   Thumb Code    24  sdio.o(i.MX_SDIO_SD_Init)
    MX_SPI2_Init                             0x08004d1d   Thumb Code    62  spi.o(i.MX_SPI2_Init)
    MX_TIM14_Init                            0x08004d65   Thumb Code    46  tim.o(i.MX_TIM14_Init)
    MX_TIM3_Init                             0x08004d9d   Thumb Code    96  tim.o(i.MX_TIM3_Init)
    MX_TIM6_Init                             0x08004e05   Thumb Code    62  tim.o(i.MX_TIM6_Init)
    MX_USART1_UART_Init                      0x08004e4d   Thumb Code    66  usart.o(i.MX_USART1_UART_Init)
    MemManage_Handler                        0x08004e9d   Thumb Code     2  stm32f4xx_it.o(i.MemManage_Handler)
    NMI_Handler                              0x08004e9f   Thumb Code     2  stm32f4xx_it.o(i.NMI_Handler)
    OLED_Clear                               0x08004ea1   Thumb Code    52  oled.o(i.OLED_Clear)
    OLED_Init                                0x08004ed5   Thumb Code    42  oled.o(i.OLED_Init)
    OLED_Set_Position                        0x08004f05   Thumb Code    34  oled.o(i.OLED_Set_Position)
    OLED_ShowChar                            0x08004f29   Thumb Code   126  oled.o(i.OLED_ShowChar)
    OLED_ShowStr                             0x08004fb1   Thumb Code    54  oled.o(i.OLED_ShowStr)
    OLED_Write_cmd                           0x08004fe9   Thumb Code    32  oled.o(i.OLED_Write_cmd)
    OLED_Write_data                          0x0800500d   Thumb Code    32  oled.o(i.OLED_Write_data)
    PendSV_Handler                           0x08005031   Thumb Code     2  stm32f4xx_it.o(i.PendSV_Handler)
    RTC_Bcd2ToByte                           0x08005033   Thumb Code    18  stm32f4xx_hal_rtc.o(i.RTC_Bcd2ToByte)
    RTC_ByteToBcd2                           0x08005045   Thumb Code    22  stm32f4xx_hal_rtc.o(i.RTC_ByteToBcd2)
    RTC_EnterInitMode                        0x0800505d   Thumb Code    72  stm32f4xx_hal_rtc.o(i.RTC_EnterInitMode)
    RTC_ExitInitMode                         0x080050a5   Thumb Code    42  stm32f4xx_hal_rtc.o(i.RTC_ExitInitMode)
    SDIO_ConfigData                          0x080050cf   Thumb Code    36  stm32f4xx_ll_sdmmc.o(i.SDIO_ConfigData)
    SDIO_GetPowerState                       0x080050f3   Thumb Code     8  stm32f4xx_ll_sdmmc.o(i.SDIO_GetPowerState)
    SDIO_GetResponse                         0x080050fb   Thumb Code     6  stm32f4xx_ll_sdmmc.o(i.SDIO_GetResponse)
    SDIO_Init                                0x08005101   Thumb Code    36  stm32f4xx_ll_sdmmc.o(i.SDIO_Init)
    SDIO_PowerState_ON                       0x08005125   Thumb Code     8  stm32f4xx_ll_sdmmc.o(i.SDIO_PowerState_ON)
    SDIO_ReadFIFO                            0x0800512d   Thumb Code     6  stm32f4xx_ll_sdmmc.o(i.SDIO_ReadFIFO)
    SDIO_SendCommand                         0x08005133   Thumb Code    32  stm32f4xx_ll_sdmmc.o(i.SDIO_SendCommand)
    SDIO_WriteFIFO                           0x08005153   Thumb Code    10  stm32f4xx_ll_sdmmc.o(i.SDIO_WriteFIFO)
    SDMMC_CmdAppCommand                      0x0800515d   Thumb Code    50  stm32f4xx_ll_sdmmc.o(i.SDMMC_CmdAppCommand)
    SDMMC_CmdAppOperCommand                  0x08005191   Thumb Code    48  stm32f4xx_ll_sdmmc.o(i.SDMMC_CmdAppOperCommand)
    SDMMC_CmdBlockLength                     0x080051c5   Thumb Code    50  stm32f4xx_ll_sdmmc.o(i.SDMMC_CmdBlockLength)
    SDMMC_CmdBusWidth                        0x080051f7   Thumb Code    50  stm32f4xx_ll_sdmmc.o(i.SDMMC_CmdBusWidth)
    SDMMC_CmdGoIdleState                     0x08005229   Thumb Code    74  stm32f4xx_ll_sdmmc.o(i.SDMMC_CmdGoIdleState)
    SDMMC_CmdOperCond                        0x08005279   Thumb Code    48  stm32f4xx_ll_sdmmc.o(i.SDMMC_CmdOperCond)
    SDMMC_CmdReadMultiBlock                  0x080052a9   Thumb Code    50  stm32f4xx_ll_sdmmc.o(i.SDMMC_CmdReadMultiBlock)
    SDMMC_CmdReadSingleBlock                 0x080052db   Thumb Code    50  stm32f4xx_ll_sdmmc.o(i.SDMMC_CmdReadSingleBlock)
    SDMMC_CmdSelDesel                        0x0800530d   Thumb Code    50  stm32f4xx_ll_sdmmc.o(i.SDMMC_CmdSelDesel)
    SDMMC_CmdSendCID                         0x0800533f   Thumb Code    44  stm32f4xx_ll_sdmmc.o(i.SDMMC_CmdSendCID)
    SDMMC_CmdSendCSD                         0x0800536b   Thumb Code    44  stm32f4xx_ll_sdmmc.o(i.SDMMC_CmdSendCSD)
    SDMMC_CmdSendSCR                         0x08005397   Thumb Code    48  stm32f4xx_ll_sdmmc.o(i.SDMMC_CmdSendSCR)
    SDMMC_CmdSendStatus                      0x080053c7   Thumb Code    50  stm32f4xx_ll_sdmmc.o(i.SDMMC_CmdSendStatus)
    SDMMC_CmdSetRelAdd                       0x080053f9   Thumb Code    48  stm32f4xx_ll_sdmmc.o(i.SDMMC_CmdSetRelAdd)
    SDMMC_CmdStopTransfer                    0x08005429   Thumb Code    46  stm32f4xx_ll_sdmmc.o(i.SDMMC_CmdStopTransfer)
    SDMMC_CmdWriteMultiBlock                 0x0800545d   Thumb Code    50  stm32f4xx_ll_sdmmc.o(i.SDMMC_CmdWriteMultiBlock)
    SDMMC_CmdWriteSingleBlock                0x0800548f   Thumb Code    50  stm32f4xx_ll_sdmmc.o(i.SDMMC_CmdWriteSingleBlock)
    SDMMC_GetCmdResp1                        0x080054c1   Thumb Code   278  stm32f4xx_ll_sdmmc.o(i.SDMMC_GetCmdResp1)
    SDMMC_GetCmdResp2                        0x080055e1   Thumb Code    76  stm32f4xx_ll_sdmmc.o(i.SDMMC_GetCmdResp2)
    SDMMC_GetCmdResp3                        0x08005631   Thumb Code    62  stm32f4xx_ll_sdmmc.o(i.SDMMC_GetCmdResp3)
    SDMMC_GetCmdResp6                        0x08005675   Thumb Code   130  stm32f4xx_ll_sdmmc.o(i.SDMMC_GetCmdResp6)
    SDMMC_GetCmdResp7                        0x080056fd   Thumb Code    82  stm32f4xx_ll_sdmmc.o(i.SDMMC_GetCmdResp7)
    SD_initialize                            0x080059f9   Thumb Code    28  sd_diskio.o(i.SD_initialize)
    SD_ioctl                                 0x08005a19   Thumb Code    98  sd_diskio.o(i.SD_ioctl)
    SD_read                                  0x08005a81   Thumb Code    32  sd_diskio.o(i.SD_read)
    SD_status                                0x08005aa1   Thumb Code     4  sd_diskio.o(i.SD_status)
    SD_write                                 0x08005aa5   Thumb Code    32  sd_diskio.o(i.SD_write)
    SVC_Handler                              0x08005be9   Thumb Code     2  stm32f4xx_it.o(i.SVC_Handler)
    SysTick_Handler                          0x08005beb   Thumb Code     4  stm32f4xx_it.o(i.SysTick_Handler)
    SystemClock_Config                       0x08005bf1   Thumb Code   148  main.o(i.SystemClock_Config)
    SystemInit                               0x08005c8d   Thumb Code    12  system_stm32f4xx.o(i.SystemInit)
    TIM8_TRG_COM_TIM14_IRQHandler            0x08005c9d   Thumb Code     6  stm32f4xx_it.o(i.TIM8_TRG_COM_TIM14_IRQHandler)
    TIM_Base_SetConfig                       0x08005ca9   Thumb Code   170  stm32f4xx_hal_tim.o(i.TIM_Base_SetConfig)
    TIM_ETR_SetConfig                        0x08005d81   Thumb Code    20  stm32f4xx_hal_tim.o(i.TIM_ETR_SetConfig)
    UART_Start_Receive_DMA                   0x08006121   Thumb Code   130  stm32f4xx_hal_uart.o(i.UART_Start_Receive_DMA)
    UART_Start_Receive_IT                    0x080061b1   Thumb Code    54  stm32f4xx_hal_uart.o(i.UART_Start_Receive_IT)
    USART1_IRQHandler                        0x08006259   Thumb Code     6  stm32f4xx_it.o(i.USART1_IRQHandler)
    UsageFault_Handler                       0x08006265   Thumb Code     2  stm32f4xx_it.o(i.UsageFault_Handler)
    __0sprintf                               0x08006269   Thumb Code    34  printfa.o(i.__0sprintf)
    __1sprintf                               0x08006269   Thumb Code     0  printfa.o(i.__0sprintf)
    __2sprintf                               0x08006269   Thumb Code     0  printfa.o(i.__0sprintf)
    __c89sprintf                             0x08006269   Thumb Code     0  printfa.o(i.__0sprintf)
    sprintf                                  0x08006269   Thumb Code     0  printfa.o(i.__0sprintf)
    __0vsnprintf                             0x08006291   Thumb Code    40  printfa.o(i.__0vsnprintf)
    __1vsnprintf                             0x08006291   Thumb Code     0  printfa.o(i.__0vsnprintf)
    __2vsnprintf                             0x08006291   Thumb Code     0  printfa.o(i.__0vsnprintf)
    __c89vsnprintf                           0x08006291   Thumb Code     0  printfa.o(i.__0vsnprintf)
    vsnprintf                                0x08006291   Thumb Code     0  printfa.o(i.__0vsnprintf)
    __hardfp___mathlib_tofloat               0x080062e1   Thumb Code   232  narrow.o(i.__hardfp___mathlib_tofloat)
    __hardfp_strtof                          0x080063d9   Thumb Code    26  strtof.o(i.__hardfp_strtof)
    __mathlib_narrow                         0x080063f9   Thumb Code    18  narrow.o(i.__mathlib_narrow)
    __scatterload_copy                       0x0800640b   Thumb Code    14  handlers.o(i.__scatterload_copy)
    __scatterload_null                       0x08006419   Thumb Code     2  handlers.o(i.__scatterload_null)
    __scatterload_zeroinit                   0x0800641b   Thumb Code    14  handlers.o(i.__scatterload_zeroinit)
    __set_errno                              0x08006429   Thumb Code     6  errno.o(i.__set_errno)
    _is_digit                                0x080065b9   Thumb Code    14  scanf_fp.o(i._is_digit)
    adc_task                                 0x08006d19   Thumb Code   134  adc_app.o(i.adc_task)
    adc_tim_dma_init                         0x08006db9   Thumb Code    34  adc_app.o(i.adc_tim_dma_init)
    check_flash_status                       0x08006ded   Thumb Code   106  system_check.o(i.check_flash_status)
    check_tf_card_status                     0x08006edd   Thumb Code   102  system_check.o(i.check_tf_card_status)
    config_calculate_crc32                   0x080070c1   Thumb Code    60  config_manager.o(i.config_calculate_crc32)
    config_get_params                        0x08007101   Thumb Code    26  config_manager.o(i.config_get_params)
    config_get_sampling_cycle                0x08007125   Thumb Code    16  config_manager.o(i.config_get_sampling_cycle)
    config_init                              0x0800713d   Thumb Code    44  config_manager.o(i.config_init)
    config_load_from_flash                   0x08007175   Thumb Code   102  config_manager.o(i.config_load_from_flash)
    config_save_to_flash                     0x080071e5   Thumb Code    46  config_manager.o(i.config_save_to_flash)
    config_set_params                        0x0800721d   Thumb Code    84  config_manager.o(i.config_set_params)
    config_set_sampling_cycle                0x08007279   Thumb Code    42  config_manager.o(i.config_set_sampling_cycle)
    config_validate_limit                    0x080072ad   Thumb Code    28  config_manager.o(i.config_validate_limit)
    config_validate_ratio                    0x080072cd   Thumb Code    28  config_manager.o(i.config_validate_ratio)
    config_validate_sampling_cycle           0x080072ed   Thumb Code    20  config_manager.o(i.config_validate_sampling_cycle)
    convert_rtc_to_unix_timestamp            0x08007301   Thumb Code   190  usart_app.o(i.convert_rtc_to_unix_timestamp)
    data_storage_init                        0x080077a5   Thumb Code   196  data_storage.o(i.data_storage_init)
    data_storage_write_hidedata              0x080078b9   Thumb Code    26  data_storage.o(i.data_storage_write_hidedata)
    data_storage_write_log                   0x080078d3   Thumb Code    26  data_storage.o(i.data_storage_write_log)
    data_storage_write_overlimit             0x080078ed   Thumb Code    26  data_storage.o(i.data_storage_write_overlimit)
    data_storage_write_sample                0x08007907   Thumb Code    24  data_storage.o(i.data_storage_write_sample)
    device_id_init                           0x08007951   Thumb Code    44  device_id.o(i.device_id_init)
    device_id_print_startup_info             0x08007981   Thumb Code    50  device_id.o(i.device_id_print_startup_info)
    device_id_read                           0x08007a21   Thumb Code    56  device_id.o(i.device_id_read)
    device_id_set_default                    0x08007a65   Thumb Code     6  device_id.o(i.device_id_set_default)
    device_id_write                          0x08007a8d   Thumb Code    68  device_id.o(i.device_id_write)
    disk_initialize                          0x08007f05   Thumb Code    38  diskio.o(i.disk_initialize)
    disk_ioctl                               0x08007f31   Thumb Code    22  diskio.o(i.disk_ioctl)
    disk_read                                0x08007f4d   Thumb Code    28  diskio.o(i.disk_read)
    disk_status                              0x08007f6d   Thumb Code    18  diskio.o(i.disk_status)
    disk_write                               0x08007f85   Thumb Code    28  diskio.o(i.disk_write)
    f_close                                  0x08007fcd   Thumb Code    42  ff.o(i.f_close)
    f_gets                                   0x08007ff7   Thumb Code    82  ff.o(i.f_gets)
    f_lseek                                  0x08008049   Thumb Code   646  ff.o(i.f_lseek)
    f_mkdir                                  0x080082cf   Thumb Code   380  ff.o(i.f_mkdir)
    f_mount                                  0x0800844d   Thumb Code    98  ff.o(i.f_mount)
    f_open                                   0x080084b5   Thumb Code   566  ff.o(i.f_open)
    f_read                                   0x080086eb   Thumb Code   392  ff.o(i.f_read)
    f_sync                                   0x08008873   Thumb Code   154  ff.o(i.f_sync)
    f_write                                  0x0800890d   Thumb Code   452  ff.o(i.f_write)
    ff_convert                               0x08008ad1   Thumb Code    88  cc936.o(i.ff_convert)
    ff_memalloc                              0x08008b31   Thumb Code     4  syscall.o(i.ff_memalloc)
    ff_memfree                               0x08008b35   Thumb Code     4  syscall.o(i.ff_memfree)
    ff_wtoupper                              0x08008b39   Thumb Code   156  cc936.o(i.ff_wtoupper)
    format_hex_output                        0x08008f41   Thumb Code    48  usart_app.o(i.format_hex_output)
    free                                     0x08009211   Thumb Code    76  malloc.o(i.free)
    frexp                                    0x08009261   Thumb Code   118  frexp.o(i.frexp)
    generate_datetime_string                 0x08009395   Thumb Code    90  data_storage.o(i.generate_datetime_string)
    generate_filename                        0x08009411   Thumb Code    68  data_storage.o(i.generate_filename)
    get_fattime                              0x08009535   Thumb Code     4  fatfs.o(i.get_fattime)
    get_flash_model_name                     0x08009539   Thumb Code    40  system_check.o(i.get_flash_model_name)
    handle_conf_command                      0x080095bd   Thumb Code   230  usart_app.o(i.handle_conf_command)
    handle_configread_command                0x0800982d   Thumb Code    88  usart_app.o(i.handle_configread_command)
    handle_configsave_command                0x08009909   Thumb Code    82  usart_app.o(i.handle_configsave_command)
    handle_hide_command                      0x080099d9   Thumb Code    12  usart_app.o(i.handle_hide_command)
    handle_interactive_input                 0x080099f5   Thumb Code   342  usart_app.o(i.handle_interactive_input)
    handle_limit_command                     0x08009cb1   Thumb Code    68  usart_app.o(i.handle_limit_command)
    handle_ratio_command                     0x08009d4d   Thumb Code    68  usart_app.o(i.handle_ratio_command)
    handle_rtc_config_command                0x08009de9   Thumb Code    24  usart_app.o(i.handle_rtc_config_command)
    handle_sampling_output                   0x08009e31   Thumb Code   382  usart_app.o(i.handle_sampling_output)
    handle_start_command                     0x0800a069   Thumb Code    80  usart_app.o(i.handle_start_command)
    handle_stop_command                      0x0800a129   Thumb Code    48  usart_app.o(i.handle_stop_command)
    handle_unhide_command                    0x0800a1ad   Thumb Code    12  usart_app.o(i.handle_unhide_command)
    ini_parse_file                           0x0800a25d   Thumb Code   100  ini_parser.o(i.ini_parse_file)
    ini_parse_float                          0x0800a2c5   Thumb Code    40  ini_parser.o(i.ini_parse_float)
    ini_parse_line                           0x0800a2ed   Thumb Code   230  ini_parser.o(i.ini_parse_line)
    ini_trim_string                          0x0800a3ed   Thumb Code    88  ini_parser.o(i.ini_trim_string)
    key_proc                                 0x0800a445   Thumb Code   248  key_app.o(i.key_proc)
    key_read                                 0x0800a6b9   Thumb Code    92  key_app.o(i.key_read)
    led_disp                                 0x0800a761   Thumb Code   120  led_app.o(i.led_disp)
    led_task                                 0x0800a7e1   Thumb Code    88  led_app.o(i.led_task)
    main                                     0x0800a83d   Thumb Code   122  main.o(i.main)
    malloc                                   0x0800a8cd   Thumb Code    92  malloc.o(i.malloc)
    my_printf                                0x0800a9a3   Thumb Code    50  usart_app.o(i.my_printf)
    oled_printf                              0x0800a9d5   Thumb Code    52  oled_app.o(i.oled_printf)
    oled_task                                0x0800aa09   Thumb Code   164  oled_app.o(i.oled_task)
    parse_uart_command                       0x0800ac01   Thumb Code   348  usart_app.o(i.parse_uart_command)
    print_system_info                        0x0800ae15   Thumb Code   114  system_check.o(i.print_system_info)
    rt_ringbuffer_data_len                   0x0800b13f   Thumb Code    48  ringbuffer.o(i.rt_ringbuffer_data_len)
    rt_ringbuffer_get                        0x0800b16f   Thumb Code   116  ringbuffer.o(i.rt_ringbuffer_get)
    rt_ringbuffer_init                       0x0800b1e3   Thumb Code    48  ringbuffer.o(i.rt_ringbuffer_init)
    rt_ringbuffer_put                        0x0800b213   Thumb Code   120  ringbuffer.o(i.rt_ringbuffer_put)
    rtc_print_current_time                   0x0800b2ad   Thumb Code    80  rtc_app.o(i.rtc_print_current_time)
    rtc_print_current_time_now               0x0800b325   Thumb Code    80  rtc_app.o(i.rtc_print_current_time_now)
    rtc_set_time_from_string                 0x0800b3ad   Thumb Code    64  rtc_app.o(i.rtc_set_time_from_string)
    sampling_check_overlimit                 0x0800b3f1   Thumb Code    40  sampling_control.o(i.sampling_check_overlimit)
    sampling_get_cycle                       0x0800b419   Thumb Code    16  sampling_control.o(i.sampling_get_cycle)
    sampling_get_state                       0x0800b431   Thumb Code    14  sampling_control.o(i.sampling_get_state)
    sampling_get_voltage                     0x0800b449   Thumb Code    36  sampling_control.o(i.sampling_get_voltage)
    sampling_handle_data_storage             0x0800b471   Thumb Code    66  sampling_control.o(i.sampling_handle_data_storage)
    sampling_init                            0x0800b4b9   Thumb Code    40  sampling_control.o(i.sampling_init)
    sampling_set_cycle                       0x0800b4e9   Thumb Code    46  sampling_control.o(i.sampling_set_cycle)
    sampling_should_sample                   0x0800b521   Thumb Code    46  sampling_control.o(i.sampling_should_sample)
    sampling_start                           0x0800b559   Thumb Code    36  sampling_control.o(i.sampling_start)
    sampling_stop                            0x0800b585   Thumb Code    22  sampling_control.o(i.sampling_stop)
    sampling_task                            0x0800b5a5   Thumb Code    74  sampling_control.o(i.sampling_task)
    sampling_update_led_blink                0x0800b5f9   Thumb Code    48  sampling_control.o(i.sampling_update_led_blink)
    scheduler_init                           0x0800b631   Thumb Code     8  scheduler.o(i.scheduler_init)
    scheduler_run                            0x0800b63d   Thumb Code    56  scheduler.o(i.scheduler_run)
    spi_flash_buffer_read                    0x0800b679   Thumb Code    88  gd25qxx.o(i.spi_flash_buffer_read)
    spi_flash_buffer_write                   0x0800b6d5   Thumb Code   188  gd25qxx.o(i.spi_flash_buffer_write)
    spi_flash_init                           0x0800b791   Thumb Code    10  gd25qxx.o(i.spi_flash_init)
    spi_flash_page_write                     0x0800b7a1   Thumb Code    94  gd25qxx.o(i.spi_flash_page_write)
    spi_flash_read_id                        0x0800b805   Thumb Code    74  gd25qxx.o(i.spi_flash_read_id)
    spi_flash_sector_erase                   0x0800b855   Thumb Code    70  gd25qxx.o(i.spi_flash_sector_erase)
    spi_flash_send_byte                      0x0800b8a1   Thumb Code    28  gd25qxx.o(i.spi_flash_send_byte)
    spi_flash_wait_for_write_end             0x0800b8c1   Thumb Code    48  gd25qxx.o(i.spi_flash_wait_for_write_end)
    spi_flash_write_enable                   0x0800b8f5   Thumb Code    38  gd25qxx.o(i.spi_flash_write_enable)
    system_self_check                        0x0800ba63   Thumb Code    40  system_check.o(i.system_self_check)
    uart_task                                0x0800bf11   Thumb Code    54  usart_app.o(i.uart_task)
    SD_Driver                                0x0800c068   Data          20  sd_diskio.o(.constdata)
    AHBPrescTable                            0x08036c64   Data          16  system_stm32f4xx.o(.constdata)
    APBPrescTable                            0x08036c74   Data           8  system_stm32f4xx.o(.constdata)
    F6X8                                     0x08036c7c   Data         552  oled.o(.constdata)
    Hzk                                      0x08037494   Data         128  oled.o(.constdata)
    Hzb                                      0x08037514   Data         512  oled.o(.constdata)
    __ctype_table                            0x080377e4   Data         129  ctype_o.o(.constdata)
    Region$$Table$$Base                      0x08037990   Number         0  anon$$obj.o(Region$$Table)
    Region$$Table$$Limit                     0x080379b0   Number         0  anon$$obj.o(Region$$Table)
    retSD                                    0x20000001   Data           1  fatfs.o(.data)
    SDPath                                   0x20000002   Data           4  fatfs.o(.data)
    uwTickFreq                               0x20000010   Data           1  stm32f4xx_hal.o(.data)
    uwTickPrio                               0x20000014   Data           4  stm32f4xx_hal.o(.data)
    uwTick                                   0x20000018   Data           4  stm32f4xx_hal.o(.data)
    SystemCoreClock                          0x2000001c   Data           4  system_stm32f4xx.o(.data)
    initcmd1                                 0x20000020   Data          22  oled.o(.data)
    AdcConvEnd                               0x20000038   Data           1  adc_app.o(.data)
    voltage                                  0x2000003c   Data           4  adc_app.o(.data)
    key_value                                0x20000069   Data           1  key_app.o(.data)
    key_value_old                            0x2000006a   Data           1  key_app.o(.data)
    key_down                                 0x2000006b   Data           1  key_app.o(.data)
    key_up                                   0x2000006c   Data           1  key_app.o(.data)
    ucLed                                    0x20000078   Data           6  led_app.o(.data)
    task_num                                 0x20000080   Data           1  scheduler.o(.data)
    g_sampling_output_enabled                0x200000cd   Data           1  usart_app.o(.data)
    g_output_format                          0x200000ce   Data           1  usart_app.o(.data)
    uart_rx_index                            0x200000d0   Data           2  usart_app.o(.data)
    uart_rx_ticks                            0x200000d4   Data           4  usart_app.o(.data)
    g_last_output_time                       0x200000d8   Data           4  usart_app.o(.data)
    __microlib_freelist                      0x200000dc   Data           4  mvars.o(.data)
    __microlib_freelist_initialised          0x200000e0   Data           4  mvars.o(.data)
    hadc1                                    0x200000e8   Data          72  adc.o(.bss)
    hdma_adc1                                0x20000130   Data          96  adc.o(.bss)
    hdac                                     0x20000190   Data          20  dac.o(.bss)
    hdma_dac1                                0x200001a4   Data          96  dac.o(.bss)
    hi2c1                                    0x20000204   Data          84  i2c.o(.bss)
    hrtc                                     0x20000258   Data          32  rtc.o(.bss)
    hsd                                      0x20000278   Data         132  sdio.o(.bss)
    hspi2                                    0x200002fc   Data          88  spi.o(.bss)
    htim3                                    0x20000354   Data          72  tim.o(.bss)
    htim6                                    0x2000039c   Data          72  tim.o(.bss)
    htim14                                   0x200003e4   Data          72  tim.o(.bss)
    huart1                                   0x2000042c   Data          72  usart.o(.bss)
    hdma_usart1_rx                           0x20000474   Data          96  usart.o(.bss)
    SDFatFS                                  0x200004d4   Data         564  fatfs.o(.bss)
    disk                                     0x20000788   Data          12  ff_gen_drv.o(.bss)
    dac_val_buffer                           0x20000794   Data        4096  adc_app.o(.bss)
    res_val_buffer                           0x20001794   Data        4096  adc_app.o(.bss)
    adc_val_buffer                           0x20002794   Data        8192  adc_app.o(.bss)
    uart_rx_buffer                           0x20004864   Data         128  usart_app.o(.bss)
    uart_rx_dma_buffer                       0x200048e4   Data         128  usart_app.o(.bss)
    uart_dma_buffer                          0x20004964   Data         128  usart_app.o(.bss)
    uart_ringbuffer                          0x200049e4   Data          12  usart_app.o(.bss)
    ringbuffer_pool                          0x200049f0   Data         128  usart_app.o(.bss)
    __heap_base                              0x20004a70   Data           0  startup_stm32f429xx.o(HEAP)
    __heap_limit                             0x20005a70   Data           0  startup_stm32f429xx.o(HEAP)
    __initial_sp                             0x20005e70   Data           0  startup_stm32f429xx.o(STACK)



==============================================================================

Memory Map of the image

  Image Entry point : 0x080001ad

  Load Region LR_IROM1 (Base: 0x08000000, Size: 0x00037a98, Max: 0x00080000, ABSOLUTE)

    Execution Region ER_IROM1 (Exec base: 0x08000000, Load base: 0x08000000, Size: 0x000379b0, Max: 0x00080000, ABSOLUTE)

    Exec Addr    Load Addr    Size         Type   Attr      Idx    E Section Name        Object

    0x08000000   0x08000000   0x000001ac   Data   RO            3    RESET               startup_stm32f429xx.o
    0x080001ac   0x080001ac   0x00000000   Code   RO         8353  * .ARM.Collect$$$$00000000  mc_w.l(entry.o)
    0x080001ac   0x080001ac   0x00000004   Code   RO         8715    .ARM.Collect$$$$00000001  mc_w.l(entry2.o)
    0x080001b0   0x080001b0   0x00000004   Code   RO         8718    .ARM.Collect$$$$00000004  mc_w.l(entry5.o)
    0x080001b4   0x080001b4   0x00000000   Code   RO         8720    .ARM.Collect$$$$00000008  mc_w.l(entry7b.o)
    0x080001b4   0x080001b4   0x00000000   Code   RO         8722    .ARM.Collect$$$$0000000A  mc_w.l(entry8b.o)
    0x080001b4   0x080001b4   0x00000008   Code   RO         8723    .ARM.Collect$$$$0000000B  mc_w.l(entry9a.o)
    0x080001bc   0x080001bc   0x00000000   Code   RO         8725    .ARM.Collect$$$$0000000D  mc_w.l(entry10a.o)
    0x080001bc   0x080001bc   0x00000000   Code   RO         8727    .ARM.Collect$$$$0000000F  mc_w.l(entry11a.o)
    0x080001bc   0x080001bc   0x00000004   Code   RO         8716    .ARM.Collect$$$$00002712  mc_w.l(entry2.o)
    0x080001c0   0x080001c0   0x00000024   Code   RO            4    .text               startup_stm32f429xx.o
    0x080001e4   0x080001e4   0x00000062   Code   RO         8356    .text               mc_w.l(uldiv.o)
    0x08000246   0x08000246   0x00000002   PAD
    0x08000248   0x08000248   0x00000008   Code   RO         8358    .text               mc_w.l(ctype_o.o)
    0x08000250   0x08000250   0x00000012   Code   RO         8380    .text               mc_w.l(isspace_o.o)
    0x08000262   0x08000262   0x00000040   Code   RO         8390    .text               mc_w.l(memmovea.o)
    0x080002a2   0x080002a2   0x00000024   Code   RO         8392    .text               mc_w.l(memseta.o)
    0x080002c6   0x080002c6   0x00000018   Code   RO         8394    .text               mc_w.l(strncpy.o)
    0x080002de   0x080002de   0x00000014   Code   RO         8396    .text               mc_w.l(strchr.o)
    0x080002f2   0x080002f2   0x0000000e   Code   RO         8398    .text               mc_w.l(strlen.o)
    0x08000300   0x08000300   0x0000001c   Code   RO         8400    .text               mc_w.l(strcmp.o)
    0x0800031c   0x0800031c   0x00000012   Code   RO         8404    .text               mc_w.l(strcpy.o)
    0x0800032e   0x0800032e   0x0000001e   Code   RO         8406    .text               mc_w.l(strncmp.o)
    0x0800034c   0x0800034c   0x00000038   Code   RO         8705    .text               mc_w.l(__0sscanf.o)
    0x08000384   0x08000384   0x0000014c   Code   RO         8707    .text               mc_w.l(_scanf_int.o)
    0x080004d0   0x080004d0   0x00000360   Code   RO         8709    .text               mc_w.l(scanf_fp.o)
    0x08000830   0x08000830   0x00000026   Code   RO         8713    .text               mf_w.l(f2d.o)
    0x08000856   0x08000856   0x0000002c   Code   RO         8730    .text               mc_w.l(uidiv.o)
    0x08000882   0x08000882   0x0000001e   Code   RO         8732    .text               mc_w.l(llshl.o)
    0x080008a0   0x080008a0   0x00000020   Code   RO         8734    .text               mc_w.l(llushr.o)
    0x080008c0   0x080008c0   0x0000001c   Code   RO         8738    .text               mc_w.l(_chval.o)
    0x080008dc   0x080008dc   0x00000028   Code   RO         8740    .text               mc_w.l(scanf_char.o)
    0x08000904   0x08000904   0x00000040   Code   RO         8742    .text               mc_w.l(_sgetc.o)
    0x08000944   0x08000944   0x0000001a   Code   RO         8744    .text               mc_w.l(strtof.o)
    0x0800095e   0x0800095e   0x00000000   Code   RO         8746    .text               mc_w.l(iusefp.o)
    0x0800095e   0x0800095e   0x0000014e   Code   RO         8747    .text               mf_w.l(dadd.o)
    0x08000aac   0x08000aac   0x000000e4   Code   RO         8749    .text               mf_w.l(dmul.o)
    0x08000b90   0x08000b90   0x000000de   Code   RO         8751    .text               mf_w.l(ddiv.o)
    0x08000c6e   0x08000c6e   0x00000018   Code   RO         8753    .text               mf_w.l(dfltul.o)
    0x08000c86   0x08000c86   0x00000030   Code   RO         8755    .text               mf_w.l(dfixul.o)
    0x08000cb6   0x08000cb6   0x00000002   PAD
    0x08000cb8   0x08000cb8   0x00000030   Code   RO         8757    .text               mf_w.l(cdrcmple.o)
    0x08000ce8   0x08000ce8   0x00000038   Code   RO         8759    .text               mf_w.l(d2f.o)
    0x08000d20   0x08000d20   0x00000024   Code   RO         8769    .text               mc_w.l(init.o)
    0x08000d44   0x08000d44   0x00000024   Code   RO         8771    .text               mc_w.l(llsshr.o)
    0x08000d68   0x08000d68   0x0000032c   Code   RO         8775    .text               mc_w.l(_scanf.o)
    0x08001094   0x08001094   0x0000009c   Code   RO         8777    .text               mc_w.l(strtod.o)
    0x08001130   0x08001130   0x0000006e   Code   RO         8779    .text               mf_w.l(fepilogue.o)
    0x0800119e   0x0800119e   0x000000ba   Code   RO         8781    .text               mf_w.l(depilogue.o)
    0x08001258   0x08001258   0x00000030   Code   RO         8799    .text               mf_w.l(cdcmple.o)
    0x08001288   0x08001288   0x00000004   Code   RO         8801    .text               mf_w.l(fpstat.o)
    0x0800128c   0x0800128c   0x0000006e   Code   RO         1658    i.ADC_DMAConvCplt   stm32f4xx_hal_adc.o
    0x080012fa   0x080012fa   0x00000016   Code   RO         1659    i.ADC_DMAError      stm32f4xx_hal_adc.o
    0x08001310   0x08001310   0x0000000a   Code   RO         1660    i.ADC_DMAHalfConvCplt  stm32f4xx_hal_adc.o
    0x0800131a   0x0800131a   0x00000002   PAD
    0x0800131c   0x0800131c   0x0000000c   Code   RO          748    i.ADC_IRQHandler    stm32f4xx_it.o
    0x08001328   0x08001328   0x00000128   Code   RO         1661    i.ADC_Init          stm32f4xx_hal_adc.o
    0x08001450   0x08001450   0x0000000c   Code   RO          887    i.BSP_SD_GetCardInfo  bsp_driver_sd.o
    0x0800145c   0x0800145c   0x00000018   Code   RO          888    i.BSP_SD_GetCardState  bsp_driver_sd.o
    0x08001474   0x08001474   0x00000030   Code   RO          890    i.BSP_SD_Init       bsp_driver_sd.o
    0x080014a4   0x080014a4   0x0000000e   Code   RO          891    i.BSP_SD_IsDetected  bsp_driver_sd.o
    0x080014b2   0x080014b2   0x00000002   PAD
    0x080014b4   0x080014b4   0x00000020   Code   RO          892    i.BSP_SD_ReadBlocks  bsp_driver_sd.o
    0x080014d4   0x080014d4   0x00000020   Code   RO          895    i.BSP_SD_WriteBlocks  bsp_driver_sd.o
    0x080014f4   0x080014f4   0x00000002   Code   RO          749    i.BusFault_Handler  stm32f4xx_it.o
    0x080014f6   0x080014f6   0x00000002   PAD
    0x080014f8   0x080014f8   0x0000000c   Code   RO          750    i.DMA1_Stream5_IRQHandler  stm32f4xx_it.o
    0x08001504   0x08001504   0x0000000c   Code   RO          751    i.DMA2_Stream0_IRQHandler  stm32f4xx_it.o
    0x08001510   0x08001510   0x0000000c   Code   RO          752    i.DMA2_Stream2_IRQHandler  stm32f4xx_it.o
    0x0800151c   0x0800151c   0x00000028   Code   RO         2447    i.DMA_CalcBaseAndBitshift  stm32f4xx_hal_dma.o
    0x08001544   0x08001544   0x00000054   Code   RO         2448    i.DMA_CheckFifoParam  stm32f4xx_hal_dma.o
    0x08001598   0x08001598   0x00000028   Code   RO         2449    i.DMA_SetConfig     stm32f4xx_hal_dma.o
    0x080015c0   0x080015c0   0x00000002   Code   RO          753    i.DebugMon_Handler  stm32f4xx_it.o
    0x080015c2   0x080015c2   0x00000004   Code   RO           13    i.Error_Handler     main.o
    0x080015c6   0x080015c6   0x00000006   Code   RO         1540    i.FATFS_LinkDriver  ff_gen_drv.o
    0x080015cc   0x080015cc   0x00000044   Code   RO         1541    i.FATFS_LinkDriverEx  ff_gen_drv.o
    0x08001610   0x08001610   0x00000002   Code   RO         1832    i.HAL_ADCEx_InjectedConvCpltCallback  stm32f4xx_hal_adc_ex.o
    0x08001612   0x08001612   0x00000002   PAD
    0x08001614   0x08001614   0x00000164   Code   RO         1663    i.HAL_ADC_ConfigChannel  stm32f4xx_hal_adc.o
    0x08001778   0x08001778   0x0000001c   Code   RO         7417    i.HAL_ADC_ConvCpltCallback  adc_app.o
    0x08001794   0x08001794   0x00000002   Code   RO         1665    i.HAL_ADC_ConvHalfCpltCallback  stm32f4xx_hal_adc.o
    0x08001796   0x08001796   0x00000002   Code   RO         1667    i.HAL_ADC_ErrorCallback  stm32f4xx_hal_adc.o
    0x08001798   0x08001798   0x0000012e   Code   RO         1671    i.HAL_ADC_IRQHandler  stm32f4xx_hal_adc.o
    0x080018c6   0x080018c6   0x00000054   Code   RO         1672    i.HAL_ADC_Init      stm32f4xx_hal_adc.o
    0x0800191a   0x0800191a   0x00000002   Code   RO         1673    i.HAL_ADC_LevelOutOfWindowCallback  stm32f4xx_hal_adc.o
    0x0800191c   0x0800191c   0x000000c8   Code   RO          360    i.HAL_ADC_MspInit   adc.o
    0x080019e4   0x080019e4   0x00000154   Code   RO         1679    i.HAL_ADC_Start_DMA  stm32f4xx_hal_adc.o
    0x08001b38   0x08001b38   0x0000006c   Code   RO         1682    i.HAL_ADC_Stop_DMA  stm32f4xx_hal_adc.o
    0x08001ba4   0x08001ba4   0x0000004e   Code   RO         3171    i.HAL_DAC_ConfigChannel  stm32f4xx_hal_dac.o
    0x08001bf2   0x08001bf2   0x00000028   Code   RO         3181    i.HAL_DAC_Init      stm32f4xx_hal_dac.o
    0x08001c1a   0x08001c1a   0x00000002   PAD
    0x08001c1c   0x08001c1c   0x000000a0   Code   RO          402    i.HAL_DAC_MspInit   dac.o
    0x08001cbc   0x08001cbc   0x00000092   Code   RO         2450    i.HAL_DMA_Abort     stm32f4xx_hal_dma.o
    0x08001d4e   0x08001d4e   0x00000024   Code   RO         2451    i.HAL_DMA_Abort_IT  stm32f4xx_hal_dma.o
    0x08001d72   0x08001d72   0x00000002   PAD
    0x08001d74   0x08001d74   0x000001a0   Code   RO         2455    i.HAL_DMA_IRQHandler  stm32f4xx_hal_dma.o
    0x08001f14   0x08001f14   0x000000d4   Code   RO         2456    i.HAL_DMA_Init      stm32f4xx_hal_dma.o
    0x08001fe8   0x08001fe8   0x0000006e   Code   RO         2460    i.HAL_DMA_Start_IT  stm32f4xx_hal_dma.o
    0x08002056   0x08002056   0x00000002   PAD
    0x08002058   0x08002058   0x00000024   Code   RO         2905    i.HAL_Delay         stm32f4xx_hal.o
    0x0800207c   0x0800207c   0x00000234   Code   RO         2343    i.HAL_GPIO_Init     stm32f4xx_hal_gpio.o
    0x080022b0   0x080022b0   0x0000000a   Code   RO         2345    i.HAL_GPIO_ReadPin  stm32f4xx_hal_gpio.o
    0x080022ba   0x080022ba   0x0000000a   Code   RO         2347    i.HAL_GPIO_WritePin  stm32f4xx_hal_gpio.o
    0x080022c4   0x080022c4   0x0000000c   Code   RO         2913    i.HAL_GetTick       stm32f4xx_hal.o
    0x080022d0   0x080022d0   0x00000042   Code   RO         3845    i.HAL_I2CEx_ConfigAnalogFilter  stm32f4xx_hal_i2c_ex.o
    0x08002312   0x08002312   0x0000003e   Code   RO         3846    i.HAL_I2CEx_ConfigDigitalFilter  stm32f4xx_hal_i2c_ex.o
    0x08002350   0x08002350   0x00000188   Code   RO         3419    i.HAL_I2C_Init      stm32f4xx_hal_i2c.o
    0x080024d8   0x080024d8   0x00000130   Code   RO         3440    i.HAL_I2C_Mem_Write  stm32f4xx_hal_i2c.o
    0x08002608   0x08002608   0x0000006c   Code   RO          468    i.HAL_I2C_MspInit   i2c.o
    0x08002674   0x08002674   0x00000010   Code   RO         2919    i.HAL_IncTick       stm32f4xx_hal.o
    0x08002684   0x08002684   0x00000034   Code   RO         2920    i.HAL_Init          stm32f4xx_hal.o
    0x080026b8   0x080026b8   0x00000040   Code   RO         2921    i.HAL_InitTick      stm32f4xx_hal.o
    0x080026f8   0x080026f8   0x00000030   Code   RO          860    i.HAL_MspInit       stm32f4xx_hal_msp.o
    0x08002728   0x08002728   0x0000001a   Code   RO         2753    i.HAL_NVIC_EnableIRQ  stm32f4xx_hal_cortex.o
    0x08002742   0x08002742   0x00000002   PAD
    0x08002744   0x08002744   0x00000040   Code   RO         2759    i.HAL_NVIC_SetPriority  stm32f4xx_hal_cortex.o
    0x08002784   0x08002784   0x00000024   Code   RO         2760    i.HAL_NVIC_SetPriorityGrouping  stm32f4xx_hal_cortex.o
    0x080027a8   0x080027a8   0x00000254   Code   RO         2044    i.HAL_RCCEx_PeriphCLKConfig  stm32f4xx_hal_rcc_ex.o
    0x080029fc   0x080029fc   0x00000134   Code   RO         1937    i.HAL_RCC_ClockConfig  stm32f4xx_hal_rcc.o
    0x08002b30   0x08002b30   0x00000020   Code   RO         1944    i.HAL_RCC_GetPCLK1Freq  stm32f4xx_hal_rcc.o
    0x08002b50   0x08002b50   0x00000020   Code   RO         1945    i.HAL_RCC_GetPCLK2Freq  stm32f4xx_hal_rcc.o
    0x08002b70   0x08002b70   0x00000064   Code   RO         1946    i.HAL_RCC_GetSysClockFreq  stm32f4xx_hal_rcc.o
    0x08002bd4   0x08002bd4   0x0000036c   Code   RO         1949    i.HAL_RCC_OscConfig  stm32f4xx_hal_rcc.o
    0x08002f40   0x08002f40   0x0000000a   Code   RO         4048    i.HAL_RTCEx_BKUPRead  stm32f4xx_hal_rtc_ex.o
    0x08002f4a   0x08002f4a   0x0000000a   Code   RO         4049    i.HAL_RTCEx_BKUPWrite  stm32f4xx_hal_rtc_ex.o
    0x08002f54   0x08002f54   0x00000044   Code   RO         3885    i.HAL_RTC_GetDate   stm32f4xx_hal_rtc.o
    0x08002f98   0x08002f98   0x00000054   Code   RO         3887    i.HAL_RTC_GetTime   stm32f4xx_hal_rtc.o
    0x08002fec   0x08002fec   0x0000009c   Code   RO         3888    i.HAL_RTC_Init      stm32f4xx_hal_rtc.o
    0x08003088   0x08003088   0x0000004c   Code   RO          510    i.HAL_RTC_MspInit   rtc.o
    0x080030d4   0x080030d4   0x00000098   Code   RO         3894    i.HAL_RTC_SetDate   stm32f4xx_hal_rtc.o
    0x0800316c   0x0800316c   0x000000c0   Code   RO         3895    i.HAL_RTC_SetTime   stm32f4xx_hal_rtc.o
    0x0800322c   0x0800322c   0x00000038   Code   RO         3896    i.HAL_RTC_WaitForSynchro  stm32f4xx_hal_rtc.o
    0x08003264   0x08003264   0x00000118   Code   RO         4564    i.HAL_SD_ConfigWideBusOperation  stm32f4xx_hal_sd.o
    0x0800337c   0x0800337c   0x00000198   Code   RO         4569    i.HAL_SD_GetCardCSD  stm32f4xx_hal_sd.o
    0x08003514   0x08003514   0x00000024   Code   RO         4570    i.HAL_SD_GetCardInfo  stm32f4xx_hal_sd.o
    0x08003538   0x08003538   0x0000002c   Code   RO         4571    i.HAL_SD_GetCardState  stm32f4xx_hal_sd.o
    0x08003564   0x08003564   0x00000036   Code   RO         4576    i.HAL_SD_Init       stm32f4xx_hal_sd.o
    0x0800359a   0x0800359a   0x00000002   PAD
    0x0800359c   0x0800359c   0x0000007c   Code   RO         4577    i.HAL_SD_InitCard   stm32f4xx_hal_sd.o
    0x08003618   0x08003618   0x00000094   Code   RO          552    i.HAL_SD_MspInit    sdio.o
    0x080036ac   0x080036ac   0x000001e0   Code   RO         4580    i.HAL_SD_ReadBlocks  stm32f4xx_hal_sd.o
    0x0800388c   0x0800388c   0x000001b0   Code   RO         4585    i.HAL_SD_WriteBlocks  stm32f4xx_hal_sd.o
    0x08003a3c   0x08003a3c   0x000000bc   Code   RO         4815    i.HAL_SPI_Init      stm32f4xx_hal_spi.o
    0x08003af8   0x08003af8   0x0000006c   Code   RO          594    i.HAL_SPI_MspInit   spi.o
    0x08003b64   0x08003b64   0x000001f0   Code   RO         4824    i.HAL_SPI_TransmitReceive  stm32f4xx_hal_spi.o
    0x08003d54   0x08003d54   0x00000028   Code   RO         2764    i.HAL_SYSTICK_Config  stm32f4xx_hal_cortex.o
    0x08003d7c   0x08003d7c   0x00000002   Code   RO         5832    i.HAL_TIMEx_BreakCallback  stm32f4xx_hal_tim_ex.o
    0x08003d7e   0x08003d7e   0x00000002   Code   RO         5833    i.HAL_TIMEx_CommutCallback  stm32f4xx_hal_tim_ex.o
    0x08003d80   0x08003d80   0x00000090   Code   RO         5851    i.HAL_TIMEx_MasterConfigSynchronization  stm32f4xx_hal_tim_ex.o
    0x08003e10   0x08003e10   0x0000005a   Code   RO         5128    i.HAL_TIM_Base_Init  stm32f4xx_hal_tim.o
    0x08003e6a   0x08003e6a   0x00000002   PAD
    0x08003e6c   0x08003e6c   0x00000070   Code   RO          636    i.HAL_TIM_Base_MspInit  tim.o
    0x08003edc   0x08003edc   0x00000078   Code   RO         5131    i.HAL_TIM_Base_Start  stm32f4xx_hal_tim.o
    0x08003f54   0x08003f54   0x000000dc   Code   RO         5137    i.HAL_TIM_ConfigClockSource  stm32f4xx_hal_tim.o
    0x08004030   0x08004030   0x00000002   Code   RO         5162    i.HAL_TIM_IC_CaptureCallback  stm32f4xx_hal_tim.o
    0x08004032   0x08004032   0x00000130   Code   RO         5176    i.HAL_TIM_IRQHandler  stm32f4xx_hal_tim.o
    0x08004162   0x08004162   0x00000002   Code   RO         5179    i.HAL_TIM_OC_DelayElapsedCallback  stm32f4xx_hal_tim.o
    0x08004164   0x08004164   0x00000002   Code   RO         5206    i.HAL_TIM_PWM_PulseFinishedCallback  stm32f4xx_hal_tim.o
    0x08004166   0x08004166   0x00000002   Code   RO         5214    i.HAL_TIM_PeriodElapsedCallback  stm32f4xx_hal_tim.o
    0x08004168   0x08004168   0x00000002   Code   RO         5219    i.HAL_TIM_TriggerCallback  stm32f4xx_hal_tim.o
    0x0800416a   0x0800416a   0x0000004e   Code   RO         6109    i.HAL_UARTEx_ReceiveToIdle_DMA  stm32f4xx_hal_uart.o
    0x080041b8   0x080041b8   0x0000004c   Code   RO         8186    i.HAL_UARTEx_RxEventCallback  usart_app.o
    0x08004204   0x08004204   0x00000070   Code   RO         6123    i.HAL_UART_DMAStop  stm32f4xx_hal_uart.o
    0x08004274   0x08004274   0x00000002   Code   RO         6125    i.HAL_UART_ErrorCallback  stm32f4xx_hal_uart.o
    0x08004276   0x08004276   0x00000002   PAD
    0x08004278   0x08004278   0x00000270   Code   RO         6128    i.HAL_UART_IRQHandler  stm32f4xx_hal_uart.o
    0x080044e8   0x080044e8   0x00000064   Code   RO         6129    i.HAL_UART_Init     stm32f4xx_hal_uart.o
    0x0800454c   0x0800454c   0x000000b0   Code   RO          690    i.HAL_UART_MspInit  usart.o
    0x080045fc   0x080045fc   0x0000001c   Code   RO         6134    i.HAL_UART_Receive_IT  stm32f4xx_hal_uart.o
    0x08004618   0x08004618   0x0000003c   Code   RO         8187    i.HAL_UART_RxCpltCallback  usart_app.o
    0x08004654   0x08004654   0x00000002   Code   RO         6136    i.HAL_UART_RxHalfCpltCallback  stm32f4xx_hal_uart.o
    0x08004656   0x08004656   0x000000a0   Code   RO         6137    i.HAL_UART_Transmit  stm32f4xx_hal_uart.o
    0x080046f6   0x080046f6   0x00000002   Code   RO         6140    i.HAL_UART_TxCpltCallback  stm32f4xx_hal_uart.o
    0x080046f8   0x080046f8   0x00000002   Code   RO          754    i.HardFault_Handler  stm32f4xx_it.o
    0x080046fa   0x080046fa   0x0000002e   Code   RO         3462    i.I2C_IsAcknowledgeFailed  stm32f4xx_hal_i2c.o
    0x08004728   0x08004728   0x000000a8   Code   RO         3473    i.I2C_RequestMemoryWrite  stm32f4xx_hal_i2c.o
    0x080047d0   0x080047d0   0x00000056   Code   RO         3477    i.I2C_WaitOnBTFFlagUntilTimeout  stm32f4xx_hal_i2c.o
    0x08004826   0x08004826   0x00000002   PAD
    0x08004828   0x08004828   0x00000090   Code   RO         3478    i.I2C_WaitOnFlagUntilTimeout  stm32f4xx_hal_i2c.o
    0x080048b8   0x080048b8   0x000000bc   Code   RO         3479    i.I2C_WaitOnMasterAddressFlagUntilTimeout  stm32f4xx_hal_i2c.o
    0x08004974   0x08004974   0x00000056   Code   RO         3481    i.I2C_WaitOnTXEFlagUntilTimeout  stm32f4xx_hal_i2c.o
    0x080049ca   0x080049ca   0x00000002   PAD
    0x080049cc   0x080049cc   0x00000074   Code   RO          361    i.MX_ADC1_Init      adc.o
    0x08004a40   0x08004a40   0x0000003c   Code   RO          403    i.MX_DAC_Init       dac.o
    0x08004a7c   0x08004a7c   0x0000005c   Code   RO          443    i.MX_DMA_Init       dma.o
    0x08004ad8   0x08004ad8   0x0000001c   Code   RO         1065    i.MX_FATFS_Init     fatfs.o
    0x08004af4   0x08004af4   0x0000010c   Code   RO          335    i.MX_GPIO_Init      gpio.o
    0x08004c00   0x08004c00   0x0000005c   Code   RO          469    i.MX_I2C1_Init      i2c.o
    0x08004c5c   0x08004c5c   0x000000a0   Code   RO          511    i.MX_RTC_Init       rtc.o
    0x08004cfc   0x08004cfc   0x00000020   Code   RO          553    i.MX_SDIO_SD_Init   sdio.o
    0x08004d1c   0x08004d1c   0x00000048   Code   RO          595    i.MX_SPI2_Init      spi.o
    0x08004d64   0x08004d64   0x00000038   Code   RO          637    i.MX_TIM14_Init     tim.o
    0x08004d9c   0x08004d9c   0x00000068   Code   RO          638    i.MX_TIM3_Init      tim.o
    0x08004e04   0x08004e04   0x00000048   Code   RO          639    i.MX_TIM6_Init      tim.o
    0x08004e4c   0x08004e4c   0x00000050   Code   RO          691    i.MX_USART1_UART_Init  usart.o
    0x08004e9c   0x08004e9c   0x00000002   Code   RO          755    i.MemManage_Handler  stm32f4xx_it.o
    0x08004e9e   0x08004e9e   0x00000002   Code   RO          756    i.NMI_Handler       stm32f4xx_it.o
    0x08004ea0   0x08004ea0   0x00000034   Code   RO         6501    i.OLED_Clear        oled.o
    0x08004ed4   0x08004ed4   0x00000030   Code   RO         6504    i.OLED_Init         oled.o
    0x08004f04   0x08004f04   0x00000022   Code   RO         6505    i.OLED_Set_Position  oled.o
    0x08004f26   0x08004f26   0x00000002   PAD
    0x08004f28   0x08004f28   0x00000088   Code   RO         6506    i.OLED_ShowChar     oled.o
    0x08004fb0   0x08004fb0   0x00000036   Code   RO         6512    i.OLED_ShowStr      oled.o
    0x08004fe6   0x08004fe6   0x00000002   PAD
    0x08004fe8   0x08004fe8   0x00000024   Code   RO         6513    i.OLED_Write_cmd    oled.o
    0x0800500c   0x0800500c   0x00000024   Code   RO         6514    i.OLED_Write_data   oled.o
    0x08005030   0x08005030   0x00000002   Code   RO          757    i.PendSV_Handler    stm32f4xx_it.o
    0x08005032   0x08005032   0x00000012   Code   RO         3897    i.RTC_Bcd2ToByte    stm32f4xx_hal_rtc.o
    0x08005044   0x08005044   0x00000016   Code   RO         3898    i.RTC_ByteToBcd2    stm32f4xx_hal_rtc.o
    0x0800505a   0x0800505a   0x00000002   PAD
    0x0800505c   0x0800505c   0x00000048   Code   RO         3899    i.RTC_EnterInitMode  stm32f4xx_hal_rtc.o
    0x080050a4   0x080050a4   0x0000002a   Code   RO         3900    i.RTC_ExitInitMode  stm32f4xx_hal_rtc.o
    0x080050ce   0x080050ce   0x00000024   Code   RO         4275    i.SDIO_ConfigData   stm32f4xx_ll_sdmmc.o
    0x080050f2   0x080050f2   0x00000008   Code   RO         4279    i.SDIO_GetPowerState  stm32f4xx_ll_sdmmc.o
    0x080050fa   0x080050fa   0x00000006   Code   RO         4280    i.SDIO_GetResponse  stm32f4xx_ll_sdmmc.o
    0x08005100   0x08005100   0x00000024   Code   RO         4281    i.SDIO_Init         stm32f4xx_ll_sdmmc.o
    0x08005124   0x08005124   0x00000008   Code   RO         4283    i.SDIO_PowerState_ON  stm32f4xx_ll_sdmmc.o
    0x0800512c   0x0800512c   0x00000006   Code   RO         4284    i.SDIO_ReadFIFO     stm32f4xx_ll_sdmmc.o
    0x08005132   0x08005132   0x00000020   Code   RO         4285    i.SDIO_SendCommand  stm32f4xx_ll_sdmmc.o
    0x08005152   0x08005152   0x0000000a   Code   RO         4287    i.SDIO_WriteFIFO    stm32f4xx_ll_sdmmc.o
    0x0800515c   0x0800515c   0x00000032   Code   RO         4288    i.SDMMC_CmdAppCommand  stm32f4xx_ll_sdmmc.o
    0x0800518e   0x0800518e   0x00000002   PAD
    0x08005190   0x08005190   0x00000034   Code   RO         4289    i.SDMMC_CmdAppOperCommand  stm32f4xx_ll_sdmmc.o
    0x080051c4   0x080051c4   0x00000032   Code   RO         4290    i.SDMMC_CmdBlockLength  stm32f4xx_ll_sdmmc.o
    0x080051f6   0x080051f6   0x00000032   Code   RO         4291    i.SDMMC_CmdBusWidth  stm32f4xx_ll_sdmmc.o
    0x08005228   0x08005228   0x00000050   Code   RO         4295    i.SDMMC_CmdGoIdleState  stm32f4xx_ll_sdmmc.o
    0x08005278   0x08005278   0x00000030   Code   RO         4297    i.SDMMC_CmdOperCond  stm32f4xx_ll_sdmmc.o
    0x080052a8   0x080052a8   0x00000032   Code   RO         4298    i.SDMMC_CmdReadMultiBlock  stm32f4xx_ll_sdmmc.o
    0x080052da   0x080052da   0x00000032   Code   RO         4299    i.SDMMC_CmdReadSingleBlock  stm32f4xx_ll_sdmmc.o
    0x0800530c   0x0800530c   0x00000032   Code   RO         4302    i.SDMMC_CmdSelDesel  stm32f4xx_ll_sdmmc.o
    0x0800533e   0x0800533e   0x0000002c   Code   RO         4303    i.SDMMC_CmdSendCID  stm32f4xx_ll_sdmmc.o
    0x0800536a   0x0800536a   0x0000002c   Code   RO         4304    i.SDMMC_CmdSendCSD  stm32f4xx_ll_sdmmc.o
    0x08005396   0x08005396   0x00000030   Code   RO         4306    i.SDMMC_CmdSendSCR  stm32f4xx_ll_sdmmc.o
    0x080053c6   0x080053c6   0x00000032   Code   RO         4307    i.SDMMC_CmdSendStatus  stm32f4xx_ll_sdmmc.o
    0x080053f8   0x080053f8   0x00000030   Code   RO         4308    i.SDMMC_CmdSetRelAdd  stm32f4xx_ll_sdmmc.o
    0x08005428   0x08005428   0x00000034   Code   RO         4311    i.SDMMC_CmdStopTransfer  stm32f4xx_ll_sdmmc.o
    0x0800545c   0x0800545c   0x00000032   Code   RO         4313    i.SDMMC_CmdWriteMultiBlock  stm32f4xx_ll_sdmmc.o
    0x0800548e   0x0800548e   0x00000032   Code   RO         4314    i.SDMMC_CmdWriteSingleBlock  stm32f4xx_ll_sdmmc.o
    0x080054c0   0x080054c0   0x00000120   Code   RO         4315    i.SDMMC_GetCmdResp1  stm32f4xx_ll_sdmmc.o
    0x080055e0   0x080055e0   0x00000050   Code   RO         4316    i.SDMMC_GetCmdResp2  stm32f4xx_ll_sdmmc.o
    0x08005630   0x08005630   0x00000044   Code   RO         4317    i.SDMMC_GetCmdResp3  stm32f4xx_ll_sdmmc.o
    0x08005674   0x08005674   0x00000088   Code   RO         4318    i.SDMMC_GetCmdResp6  stm32f4xx_ll_sdmmc.o
    0x080056fc   0x080056fc   0x00000058   Code   RO         4319    i.SDMMC_GetCmdResp7  stm32f4xx_ll_sdmmc.o
    0x08005754   0x08005754   0x00000020   Code   RO         1005    i.SD_CheckStatus    sd_diskio.o
    0x08005774   0x08005774   0x000000e0   Code   RO         4593    i.SD_FindSCR        stm32f4xx_hal_sd.o
    0x08005854   0x08005854   0x000000ee   Code   RO         4594    i.SD_InitCard       stm32f4xx_hal_sd.o
    0x08005942   0x08005942   0x00000002   PAD
    0x08005944   0x08005944   0x000000b4   Code   RO         4595    i.SD_PowerON        stm32f4xx_hal_sd.o
    0x080059f8   0x080059f8   0x00000020   Code   RO         1006    i.SD_initialize     sd_diskio.o
    0x08005a18   0x08005a18   0x00000068   Code   RO         1007    i.SD_ioctl          sd_diskio.o
    0x08005a80   0x08005a80   0x00000020   Code   RO         1008    i.SD_read           sd_diskio.o
    0x08005aa0   0x08005aa0   0x00000004   Code   RO         1009    i.SD_status         sd_diskio.o
    0x08005aa4   0x08005aa4   0x00000020   Code   RO         1010    i.SD_write          sd_diskio.o
    0x08005ac4   0x08005ac4   0x0000006c   Code   RO         4853    i.SPI_EndRxTxTransaction  stm32f4xx_hal_spi.o
    0x08005b30   0x08005b30   0x000000b8   Code   RO         4858    i.SPI_WaitFlagStateUntilTimeout  stm32f4xx_hal_spi.o
    0x08005be8   0x08005be8   0x00000002   Code   RO          758    i.SVC_Handler       stm32f4xx_it.o
    0x08005bea   0x08005bea   0x00000004   Code   RO          759    i.SysTick_Handler   stm32f4xx_it.o
    0x08005bee   0x08005bee   0x00000002   PAD
    0x08005bf0   0x08005bf0   0x0000009c   Code   RO           14    i.SystemClock_Config  main.o
    0x08005c8c   0x08005c8c   0x00000010   Code   RO         6463    i.SystemInit        system_stm32f4xx.o
    0x08005c9c   0x08005c9c   0x0000000c   Code   RO          760    i.TIM8_TRG_COM_TIM14_IRQHandler  stm32f4xx_it.o
    0x08005ca8   0x08005ca8   0x000000d8   Code   RO         5221    i.TIM_Base_SetConfig  stm32f4xx_hal_tim.o
    0x08005d80   0x08005d80   0x00000014   Code   RO         5232    i.TIM_ETR_SetConfig  stm32f4xx_hal_tim.o
    0x08005d94   0x08005d94   0x00000010   Code   RO         5233    i.TIM_ITRx_SetConfig  stm32f4xx_hal_tim.o
    0x08005da4   0x08005da4   0x00000022   Code   RO         5239    i.TIM_TI1_ConfigInputStage  stm32f4xx_hal_tim.o
    0x08005dc6   0x08005dc6   0x00000024   Code   RO         5241    i.TIM_TI2_ConfigInputStage  stm32f4xx_hal_tim.o
    0x08005dea   0x08005dea   0x00000010   Code   RO         6142    i.UART_DMAAbortOnError  stm32f4xx_hal_uart.o
    0x08005dfa   0x08005dfa   0x0000004a   Code   RO         6143    i.UART_DMAError     stm32f4xx_hal_uart.o
    0x08005e44   0x08005e44   0x00000086   Code   RO         6144    i.UART_DMAReceiveCplt  stm32f4xx_hal_uart.o
    0x08005eca   0x08005eca   0x0000001e   Code   RO         6146    i.UART_DMARxHalfCplt  stm32f4xx_hal_uart.o
    0x08005ee8   0x08005ee8   0x0000004e   Code   RO         6152    i.UART_EndRxTransfer  stm32f4xx_hal_uart.o
    0x08005f36   0x08005f36   0x0000001c   Code   RO         6153    i.UART_EndTxTransfer  stm32f4xx_hal_uart.o
    0x08005f52   0x08005f52   0x000000c2   Code   RO         6154    i.UART_Receive_IT   stm32f4xx_hal_uart.o
    0x08006014   0x08006014   0x0000010c   Code   RO         6155    i.UART_SetConfig    stm32f4xx_hal_uart.o
    0x08006120   0x08006120   0x00000090   Code   RO         6156    i.UART_Start_Receive_DMA  stm32f4xx_hal_uart.o
    0x080061b0   0x080061b0   0x00000036   Code   RO         6157    i.UART_Start_Receive_IT  stm32f4xx_hal_uart.o
    0x080061e6   0x080061e6   0x00000072   Code   RO         6158    i.UART_WaitOnFlagUntilTimeout  stm32f4xx_hal_uart.o
    0x08006258   0x08006258   0x0000000c   Code   RO          761    i.USART1_IRQHandler  stm32f4xx_it.o
    0x08006264   0x08006264   0x00000002   Code   RO          762    i.UsageFault_Handler  stm32f4xx_it.o
    0x08006266   0x08006266   0x00000002   PAD
    0x08006268   0x08006268   0x00000028   Code   RO         8651    i.__0sprintf        mc_w.l(printfa.o)
    0x08006290   0x08006290   0x0000002c   Code   RO         8654    i.__0vsnprintf      mc_w.l(printfa.o)
    0x080062bc   0x080062bc   0x00000020   Code   RO         2766    i.__NVIC_SetPriority  stm32f4xx_hal_cortex.o
    0x080062dc   0x080062dc   0x00000004   PAD
    0x080062e0   0x080062e0   0x000000f8   Code   RO         8761    i.__hardfp___mathlib_tofloat  m_wm.l(narrow.o)
    0x080063d8   0x080063d8   0x00000020   Code   RO         8347    i.__hardfp_strtof   m_wm.l(strtof.o)
    0x080063f8   0x080063f8   0x00000012   Code   RO         8762    i.__mathlib_narrow  m_wm.l(narrow.o)
    0x0800640a   0x0800640a   0x0000000e   Code   RO         8805    i.__scatterload_copy  mc_w.l(handlers.o)
    0x08006418   0x08006418   0x00000002   Code   RO         8806    i.__scatterload_null  mc_w.l(handlers.o)
    0x0800641a   0x0800641a   0x0000000e   Code   RO         8807    i.__scatterload_zeroinit  mc_w.l(handlers.o)
    0x08006428   0x08006428   0x0000000c   Code   RO         8794    i.__set_errno       mc_w.l(errno.o)
    0x08006434   0x08006434   0x00000184   Code   RO         8656    i._fp_digits        mc_w.l(printfa.o)
    0x080065b8   0x080065b8   0x0000000e   Code   RO         8711    i._is_digit         mc_w.l(scanf_fp.o)
    0x080065c6   0x080065c6   0x00000002   PAD
    0x080065c8   0x080065c8   0x000006dc   Code   RO         8657    i._printf_core      mc_w.l(printfa.o)
    0x08006ca4   0x08006ca4   0x00000024   Code   RO         8658    i._printf_post_padding  mc_w.l(printfa.o)
    0x08006cc8   0x08006cc8   0x0000002e   Code   RO         8659    i._printf_pre_padding  mc_w.l(printfa.o)
    0x08006cf6   0x08006cf6   0x00000016   Code   RO         8660    i._snputc           mc_w.l(printfa.o)
    0x08006d0c   0x08006d0c   0x0000000a   Code   RO         8661    i._sputc            mc_w.l(printfa.o)
    0x08006d16   0x08006d16   0x00000002   PAD
    0x08006d18   0x08006d18   0x000000a0   Code   RO         7418    i.adc_task          adc_app.o
    0x08006db8   0x08006db8   0x00000034   Code   RO         7419    i.adc_tim_dma_init  adc_app.o
    0x08006dec   0x08006dec   0x0000007c   Code   RO         8123    i.check_flash_status  system_check.o
    0x08006e68   0x08006e68   0x00000074   Code   RO         1158    i.check_fs          ff.o
    0x08006edc   0x08006edc   0x00000066   Code   RO         8124    i.check_tf_card_status  system_check.o
    0x08006f42   0x08006f42   0x00000010   Code   RO         1159    i.chk_chr           ff.o
    0x08006f52   0x08006f52   0x00000002   PAD
    0x08006f54   0x08006f54   0x00000070   Code   RO         1160    i.chk_lock          ff.o
    0x08006fc4   0x08006fc4   0x00000024   Code   RO         1161    i.clear_lock        ff.o
    0x08006fe8   0x08006fe8   0x00000028   Code   RO         1162    i.clmt_clust        ff.o
    0x08007010   0x08007010   0x00000018   Code   RO         1163    i.clust2sect        ff.o
    0x08007028   0x08007028   0x00000098   Code   RO         1164    i.cmp_lfn           ff.o
    0x080070c0   0x080070c0   0x00000040   Code   RO         7478    i.config_calculate_crc32  config_manager.o
    0x08007100   0x08007100   0x00000024   Code   RO         7479    i.config_get_params  config_manager.o
    0x08007124   0x08007124   0x00000018   Code   RO         7480    i.config_get_sampling_cycle  config_manager.o
    0x0800713c   0x0800713c   0x00000038   Code   RO         7481    i.config_init       config_manager.o
    0x08007174   0x08007174   0x00000070   Code   RO         7482    i.config_load_from_flash  config_manager.o
    0x080071e4   0x080071e4   0x00000038   Code   RO         7484    i.config_save_to_flash  config_manager.o
    0x0800721c   0x0800721c   0x0000005c   Code   RO         7485    i.config_set_params  config_manager.o
    0x08007278   0x08007278   0x00000034   Code   RO         7486    i.config_set_sampling_cycle  config_manager.o
    0x080072ac   0x080072ac   0x00000020   Code   RO         7487    i.config_validate_limit  config_manager.o
    0x080072cc   0x080072cc   0x00000020   Code   RO         7488    i.config_validate_ratio  config_manager.o
    0x080072ec   0x080072ec   0x00000014   Code   RO         7489    i.config_validate_sampling_cycle  config_manager.o
    0x08007300   0x08007300   0x000000c8   Code   RO         8188    i.convert_rtc_to_unix_timestamp  usart_app.o
    0x080073c8   0x080073c8   0x00000030   Code   RO         8189    i.convert_voltage_to_hex_format  usart_app.o
    0x080073f8   0x080073f8   0x000000ba   Code   RO         1165    i.create_chain      ff.o
    0x080074b2   0x080074b2   0x00000002   PAD
    0x080074b4   0x080074b4   0x00000098   Code   RO         7570    i.create_default_config_ini  data_storage.o
    0x0800754c   0x0800754c   0x00000258   Code   RO         1166    i.create_name       ff.o
    0x080077a4   0x080077a4   0x00000114   Code   RO         7571    i.data_storage_init  data_storage.o
    0x080078b8   0x080078b8   0x0000001a   Code   RO         7573    i.data_storage_write_hidedata  data_storage.o
    0x080078d2   0x080078d2   0x0000001a   Code   RO         7574    i.data_storage_write_log  data_storage.o
    0x080078ec   0x080078ec   0x0000001a   Code   RO         7575    i.data_storage_write_overlimit  data_storage.o
    0x08007906   0x08007906   0x00000018   Code   RO         7576    i.data_storage_write_sample  data_storage.o
    0x0800791e   0x0800791e   0x00000002   PAD
    0x08007920   0x08007920   0x00000030   Code   RO         1167    i.dec_lock          ff.o
    0x08007950   0x08007950   0x00000030   Code   RO         7674    i.device_id_init    device_id.o
    0x08007980   0x08007980   0x000000a0   Code   RO         7675    i.device_id_print_startup_info  device_id.o
    0x08007a20   0x08007a20   0x00000044   Code   RO         7676    i.device_id_read    device_id.o
    0x08007a64   0x08007a64   0x00000028   Code   RO         7677    i.device_id_set_default  device_id.o
    0x08007a8c   0x08007a8c   0x00000048   Code   RO         7678    i.device_id_write   device_id.o
    0x08007ad4   0x08007ad4   0x0000004a   Code   RO         1168    i.dir_alloc         ff.o
    0x08007b1e   0x08007b1e   0x000000de   Code   RO         1169    i.dir_find          ff.o
    0x08007bfc   0x08007bfc   0x00000126   Code   RO         1170    i.dir_next          ff.o
    0x08007d22   0x08007d22   0x00000002   PAD
    0x08007d24   0x08007d24   0x0000013c   Code   RO         1172    i.dir_register      ff.o
    0x08007e60   0x08007e60   0x000000a4   Code   RO         1174    i.dir_sdi           ff.o
    0x08007f04   0x08007f04   0x0000002c   Code   RO         1103    i.disk_initialize   diskio.o
    0x08007f30   0x08007f30   0x0000001c   Code   RO         1104    i.disk_ioctl        diskio.o
    0x08007f4c   0x08007f4c   0x00000020   Code   RO         1105    i.disk_read         diskio.o
    0x08007f6c   0x08007f6c   0x00000018   Code   RO         1106    i.disk_status       diskio.o
    0x08007f84   0x08007f84   0x00000020   Code   RO         1107    i.disk_write        diskio.o
    0x08007fa4   0x08007fa4   0x00000028   Code   RO         1175    i.enq_lock          ff.o
    0x08007fcc   0x08007fcc   0x0000002a   Code   RO         1176    i.f_close           ff.o
    0x08007ff6   0x08007ff6   0x00000052   Code   RO         1179    i.f_gets            ff.o
    0x08008048   0x08008048   0x00000286   Code   RO         1180    i.f_lseek           ff.o
    0x080082ce   0x080082ce   0x0000017c   Code   RO         1181    i.f_mkdir           ff.o
    0x0800844a   0x0800844a   0x00000002   PAD
    0x0800844c   0x0800844c   0x00000068   Code   RO         1183    i.f_mount           ff.o
    0x080084b4   0x080084b4   0x00000236   Code   RO         1184    i.f_open            ff.o
    0x080086ea   0x080086ea   0x00000188   Code   RO         1189    i.f_read            ff.o
    0x08008872   0x08008872   0x0000009a   Code   RO         1193    i.f_sync            ff.o
    0x0800890c   0x0800890c   0x000001c4   Code   RO         1196    i.f_write           ff.o
    0x08008ad0   0x08008ad0   0x00000060   Code   RO         1626    i.ff_convert        cc936.o
    0x08008b30   0x08008b30   0x00000004   Code   RO         1590    i.ff_memalloc       syscall.o
    0x08008b34   0x08008b34   0x00000004   Code   RO         1591    i.ff_memfree        syscall.o
    0x08008b38   0x08008b38   0x000000a4   Code   RO         1627    i.ff_wtoupper       cc936.o
    0x08008bdc   0x08008bdc   0x000002dc   Code   RO         1197    i.find_volume       ff.o
    0x08008eb8   0x08008eb8   0x00000086   Code   RO         1198    i.follow_path       ff.o
    0x08008f3e   0x08008f3e   0x00000002   PAD
    0x08008f40   0x08008f40   0x00000048   Code   RO         8190    i.format_hex_output  usart_app.o
    0x08008f88   0x08008f88   0x000000a8   Code   RO         7577    i.format_hidedata   data_storage.o
    0x08009030   0x08009030   0x0000008c   Code   RO         7578    i.format_log_data   data_storage.o
    0x080090bc   0x080090bc   0x000000b8   Code   RO         7579    i.format_overlimit_data  data_storage.o
    0x08009174   0x08009174   0x0000009c   Code   RO         7580    i.format_sample_data  data_storage.o
    0x08009210   0x08009210   0x00000050   Code   RO         8677    i.free              mc_w.l(malloc.o)
    0x08009260   0x08009260   0x0000008c   Code   RO         8785    i.frexp             m_wm.l(frexp.o)
    0x080092ec   0x080092ec   0x000000a6   Code   RO         1199    i.gen_numname       ff.o
    0x08009392   0x08009392   0x00000002   PAD
    0x08009394   0x08009394   0x0000007c   Code   RO         7581    i.generate_datetime_string  data_storage.o
    0x08009410   0x08009410   0x00000060   Code   RO         7582    i.generate_filename  data_storage.o
    0x08009470   0x08009470   0x000000c4   Code   RO         1200    i.get_fat           ff.o
    0x08009534   0x08009534   0x00000004   Code   RO         1066    i.get_fattime       fatfs.o
    0x08009538   0x08009538   0x00000034   Code   RO         8125    i.get_flash_model_name  system_check.o
    0x0800956c   0x0800956c   0x0000004e   Code   RO         1202    i.get_ldnumber      ff.o
    0x080095ba   0x080095ba   0x00000002   PAD
    0x080095bc   0x080095bc   0x00000270   Code   RO         8191    i.handle_conf_command  usart_app.o
    0x0800982c   0x0800982c   0x000000dc   Code   RO         8192    i.handle_configread_command  usart_app.o
    0x08009908   0x08009908   0x000000d0   Code   RO         8193    i.handle_configsave_command  usart_app.o
    0x080099d8   0x080099d8   0x0000001c   Code   RO         8194    i.handle_hide_command  usart_app.o
    0x080099f4   0x080099f4   0x000002bc   Code   RO         8195    i.handle_interactive_input  usart_app.o
    0x08009cb0   0x08009cb0   0x0000009c   Code   RO         8196    i.handle_limit_command  usart_app.o
    0x08009d4c   0x08009d4c   0x0000009c   Code   RO         8197    i.handle_ratio_command  usart_app.o
    0x08009de8   0x08009de8   0x00000048   Code   RO         8198    i.handle_rtc_config_command  usart_app.o
    0x08009e30   0x08009e30   0x00000238   Code   RO         8199    i.handle_sampling_output  usart_app.o
    0x0800a068   0x0800a068   0x000000c0   Code   RO         8200    i.handle_start_command  usart_app.o
    0x0800a128   0x0800a128   0x00000084   Code   RO         8201    i.handle_stop_command  usart_app.o
    0x0800a1ac   0x0800a1ac   0x0000001c   Code   RO         8202    i.handle_unhide_command  usart_app.o
    0x0800a1c8   0x0800a1c8   0x00000094   Code   RO         1203    i.inc_lock          ff.o
    0x0800a25c   0x0800a25c   0x00000068   Code   RO         7774    i.ini_parse_file    ini_parser.o
    0x0800a2c4   0x0800a2c4   0x00000028   Code   RO         7775    i.ini_parse_float   ini_parser.o
    0x0800a2ec   0x0800a2ec   0x00000100   Code   RO         7776    i.ini_parse_line    ini_parser.o
    0x0800a3ec   0x0800a3ec   0x00000058   Code   RO         7777    i.ini_trim_string   ini_parser.o
    0x0800a444   0x0800a444   0x00000274   Code   RO         7820    i.key_proc          key_app.o
    0x0800a6b8   0x0800a6b8   0x00000060   Code   RO         7821    i.key_read          key_app.o
    0x0800a718   0x0800a718   0x00000026   Code   RO         1204    i.ld_clust          ff.o
    0x0800a73e   0x0800a73e   0x00000016   Code   RO         1205    i.ld_dword          ff.o
    0x0800a754   0x0800a754   0x0000000a   Code   RO         1206    i.ld_word           ff.o
    0x0800a75e   0x0800a75e   0x00000002   PAD
    0x0800a760   0x0800a760   0x00000080   Code   RO         7853    i.led_disp          led_app.o
    0x0800a7e0   0x0800a7e0   0x0000005c   Code   RO         7854    i.led_task          led_app.o
    0x0800a83c   0x0800a83c   0x00000090   Code   RO           15    i.main              main.o
    0x0800a8cc   0x0800a8cc   0x0000006c   Code   RO         8678    i.malloc            mc_w.l(malloc.o)
    0x0800a938   0x0800a938   0x00000018   Code   RO         1207    i.mem_cmp           ff.o
    0x0800a950   0x0800a950   0x00000012   Code   RO         1208    i.mem_cpy           ff.o
    0x0800a962   0x0800a962   0x0000000c   Code   RO         1209    i.mem_set           ff.o
    0x0800a96e   0x0800a96e   0x00000034   Code   RO         1210    i.move_window       ff.o
    0x0800a9a2   0x0800a9a2   0x00000032   Code   RO         8203    i.my_printf         usart_app.o
    0x0800a9d4   0x0800a9d4   0x00000034   Code   RO         7886    i.oled_printf       oled_app.o
    0x0800aa08   0x0800aa08   0x000000e8   Code   RO         7887    i.oled_task         oled_app.o
    0x0800aaf0   0x0800aaf0   0x00000110   Code   RO         7930    i.parse_time_string  rtc_app.o
    0x0800ac00   0x0800ac00   0x00000214   Code   RO         8204    i.parse_uart_command  usart_app.o
    0x0800ae14   0x0800ae14   0x00000134   Code   RO         8128    i.print_system_info  system_check.o
    0x0800af48   0x0800af48   0x00000102   Code   RO         1212    i.put_fat           ff.o
    0x0800b04a   0x0800b04a   0x00000002   PAD
    0x0800b04c   0x0800b04c   0x00000074   Code   RO         1213    i.put_lfn           ff.o
    0x0800b0c0   0x0800b0c0   0x0000007e   Code   RO         1217    i.remove_chain      ff.o
    0x0800b13e   0x0800b13e   0x00000030   Code   RO         6613    i.rt_ringbuffer_data_len  ringbuffer.o
    0x0800b16e   0x0800b16e   0x00000074   Code   RO         6614    i.rt_ringbuffer_get  ringbuffer.o
    0x0800b1e2   0x0800b1e2   0x00000030   Code   RO         6616    i.rt_ringbuffer_init  ringbuffer.o
    0x0800b212   0x0800b212   0x00000078   Code   RO         6618    i.rt_ringbuffer_put  ringbuffer.o
    0x0800b28a   0x0800b28a   0x00000020   Code   RO         6623    i.rt_ringbuffer_status  ringbuffer.o
    0x0800b2aa   0x0800b2aa   0x00000002   PAD
    0x0800b2ac   0x0800b2ac   0x00000078   Code   RO         7932    i.rtc_print_current_time  rtc_app.o
    0x0800b324   0x0800b324   0x00000088   Code   RO         7933    i.rtc_print_current_time_now  rtc_app.o
    0x0800b3ac   0x0800b3ac   0x00000044   Code   RO         7935    i.rtc_set_time_from_string  rtc_app.o
    0x0800b3f0   0x0800b3f0   0x00000028   Code   RO         7992    i.sampling_check_overlimit  sampling_control.o
    0x0800b418   0x0800b418   0x00000018   Code   RO         7993    i.sampling_get_cycle  sampling_control.o
    0x0800b430   0x0800b430   0x00000018   Code   RO         7995    i.sampling_get_state  sampling_control.o
    0x0800b448   0x0800b448   0x00000028   Code   RO         7996    i.sampling_get_voltage  sampling_control.o
    0x0800b470   0x0800b470   0x00000048   Code   RO         7997    i.sampling_handle_data_storage  sampling_control.o
    0x0800b4b8   0x0800b4b8   0x00000030   Code   RO         7998    i.sampling_init     sampling_control.o
    0x0800b4e8   0x0800b4e8   0x00000038   Code   RO         7999    i.sampling_set_cycle  sampling_control.o
    0x0800b520   0x0800b520   0x00000038   Code   RO         8000    i.sampling_should_sample  sampling_control.o
    0x0800b558   0x0800b558   0x0000002c   Code   RO         8001    i.sampling_start    sampling_control.o
    0x0800b584   0x0800b584   0x00000020   Code   RO         8002    i.sampling_stop     sampling_control.o
    0x0800b5a4   0x0800b5a4   0x00000054   Code   RO         8003    i.sampling_task     sampling_control.o
    0x0800b5f8   0x0800b5f8   0x00000038   Code   RO         8004    i.sampling_update_led_blink  sampling_control.o
    0x0800b630   0x0800b630   0x0000000c   Code   RO         8090    i.scheduler_init    scheduler.o
    0x0800b63c   0x0800b63c   0x0000003c   Code   RO         8091    i.scheduler_run     scheduler.o
    0x0800b678   0x0800b678   0x0000005c   Code   RO         6698    i.spi_flash_buffer_read  gd25qxx.o
    0x0800b6d4   0x0800b6d4   0x000000bc   Code   RO         6699    i.spi_flash_buffer_write  gd25qxx.o
    0x0800b790   0x0800b790   0x00000010   Code   RO         6701    i.spi_flash_init    gd25qxx.o
    0x0800b7a0   0x0800b7a0   0x00000064   Code   RO         6702    i.spi_flash_page_write  gd25qxx.o
    0x0800b804   0x0800b804   0x00000050   Code   RO         6704    i.spi_flash_read_id  gd25qxx.o
    0x0800b854   0x0800b854   0x0000004c   Code   RO         6705    i.spi_flash_sector_erase  gd25qxx.o
    0x0800b8a0   0x0800b8a0   0x00000020   Code   RO         6706    i.spi_flash_send_byte  gd25qxx.o
    0x0800b8c0   0x0800b8c0   0x00000034   Code   RO         6709    i.spi_flash_wait_for_write_end  gd25qxx.o
    0x0800b8f4   0x0800b8f4   0x0000002c   Code   RO         6710    i.spi_flash_write_enable  gd25qxx.o
    0x0800b920   0x0800b920   0x00000028   Code   RO         1218    i.st_clust          ff.o
    0x0800b948   0x0800b948   0x00000014   Code   RO         1219    i.st_dword          ff.o
    0x0800b95c   0x0800b95c   0x0000000a   Code   RO         1220    i.st_word           ff.o
    0x0800b966   0x0800b966   0x0000001a   Code   RO         1221    i.sum_sfn           ff.o
    0x0800b980   0x0800b980   0x0000008c   Code   RO         1222    i.sync_fs           ff.o
    0x0800ba0c   0x0800ba0c   0x00000056   Code   RO         1223    i.sync_window       ff.o
    0x0800ba62   0x0800ba62   0x00000028   Code   RO         8129    i.system_self_check  system_check.o
    0x0800ba8a   0x0800ba8a   0x00000002   PAD
    0x0800ba8c   0x0800ba8c   0x0000016c   Code   RO         8205    i.test_data_storage  usart_app.o
    0x0800bbf8   0x0800bbf8   0x000001ac   Code   RO         8206    i.test_unhide_conversion  usart_app.o
    0x0800bda4   0x0800bda4   0x0000016c   Code   RO         8207    i.test_unix_timestamp_conversion  usart_app.o
    0x0800bf10   0x0800bf10   0x0000003c   Code   RO         8208    i.uart_task         usart_app.o
    0x0800bf4c   0x0800bf4c   0x00000038   Code   RO         1224    i.validate          ff.o
    0x0800bf84   0x0800bf84   0x000000e4   Code   RO         7583    i.write_data_to_file  data_storage.o
    0x0800c068   0x0800c068   0x00000014   Data   RO         1011    .constdata          sd_diskio.o
    0x0800c07c   0x0800c07c   0x0000002a   Data   RO         1226    .constdata          ff.o
    0x0800c0a6   0x0800c0a6   0x0002abb6   Data   RO         1628    .constdata          cc936.o
    0x08036c5c   0x08036c5c   0x00000008   Data   RO         2462    .constdata          stm32f4xx_hal_dma.o
    0x08036c64   0x08036c64   0x00000010   Data   RO         6464    .constdata          system_stm32f4xx.o
    0x08036c74   0x08036c74   0x00000008   Data   RO         6465    .constdata          system_stm32f4xx.o
    0x08036c7c   0x08036c7c   0x00000a98   Data   RO         6515    .constdata          oled.o
    0x08037714   0x08037714   0x00000058   Data   RO         7491    .constdata          config_manager.o
    0x0803776c   0x0803776c   0x0000006c   Data   RO         8130    .constdata          system_check.o
    0x080377d8   0x080377d8   0x0000000c   Data   RO         8211    .constdata          usart_app.o
    0x080377e4   0x080377e4   0x00000081   Data   RO         8359    .constdata          mc_w.l(ctype_o.o)
    0x08037865   0x08037865   0x00000003   PAD
    0x08037868   0x08037868   0x00000004   Data   RO         8360    .constdata          mc_w.l(ctype_o.o)
    0x0803786c   0x0803786c   0x0000007a   Data   RO         7585    .conststring        data_storage.o
    0x080378e6   0x080378e6   0x00000002   PAD
    0x080378e8   0x080378e8   0x00000048   Data   RO         8131    .conststring        system_check.o
    0x08037930   0x08037930   0x0000005d   Data   RO         8212    .conststring        usart_app.o
    0x0803798d   0x0803798d   0x00000003   PAD
    0x08037990   0x08037990   0x00000020   Data   RO         8803    Region$$Table       anon$$obj.o


    Execution Region RW_IRAM1 (Exec base: 0x20000000, Load base: 0x080379b0, Size: 0x00005e70, Max: 0x00030000, ABSOLUTE)

    Exec Addr    Load Addr    Size         Type   Attr      Idx    E Section Name        Object

    0x20000000   0x080379b0   0x00000001   Data   RW         1012    .data               sd_diskio.o
    0x20000001   0x080379b1   0x00000005   Data   RW         1069    .data               fatfs.o
    0x20000006   0x080379b6   0x00000002   PAD
    0x20000008   0x080379b8   0x00000008   Data   RW         1227    .data               ff.o
    0x20000010   0x080379c0   0x0000000c   Data   RW         2927    .data               stm32f4xx_hal.o
    0x2000001c   0x080379cc   0x00000004   Data   RW         6466    .data               system_stm32f4xx.o
    0x20000020   0x080379d0   0x00000016   Data   RW         6516    .data               oled.o
    0x20000036   0x080379e6   0x00000002   PAD
    0x20000038   0x080379e8   0x00000008   Data   RW         7421    .data               adc_app.o
    0x20000040   0x080379f0   0x00000001   Data   RW         7492    .data               config_manager.o
    0x20000041   0x080379f1   0x00000003   PAD
    0x20000044   0x080379f4   0x00000024   Data   RW         7586    .data               data_storage.o
    0x20000068   0x08037a18   0x00000001   Data   RW         7778    .data               ini_parser.o
    0x20000069   0x08037a19   0x00000004   Data   RW         7822    .data               key_app.o
    0x2000006d   0x08037a1d   0x00000003   PAD
    0x20000070   0x08037a20   0x0000000e   Data   RW         7855    .data               led_app.o
    0x2000007e   0x08037a2e   0x00000001   Data   RW         7888    .data               oled_app.o
    0x2000007f   0x08037a2f   0x00000001   Data   RW         8006    .data               sampling_control.o
    0x20000080   0x08037a30   0x0000004c   Data   RW         8092    .data               scheduler.o
    0x200000cc   0x08037a7c   0x00000010   Data   RW         8213    .data               usart_app.o
    0x200000dc   0x08037a8c   0x00000004   Data   RW         8736    .data               mc_w.l(mvars.o)
    0x200000e0   0x08037a90   0x00000004   Data   RW         8737    .data               mc_w.l(mvars.o)
    0x200000e4   0x08037a94   0x00000004   Data   RW         8795    .data               mc_w.l(errno.o)
    0x200000e8        -       0x000000a8   Zero   RW          362    .bss                adc.o
    0x20000190        -       0x00000074   Zero   RW          404    .bss                dac.o
    0x20000204        -       0x00000054   Zero   RW          470    .bss                i2c.o
    0x20000258        -       0x00000020   Zero   RW          512    .bss                rtc.o
    0x20000278        -       0x00000084   Zero   RW          554    .bss                sdio.o
    0x200002fc        -       0x00000058   Zero   RW          596    .bss                spi.o
    0x20000354        -       0x000000d8   Zero   RW          640    .bss                tim.o
    0x2000042c        -       0x000000a8   Zero   RW          693    .bss                usart.o
    0x200004d4        -       0x00000234   Zero   RW         1067    .bss                fatfs.o
    0x20000708        -       0x00000080   Zero   RW         1225    .bss                ff.o
    0x20000788        -       0x0000000c   Zero   RW         1544    .bss                ff_gen_drv.o
    0x20000794        -       0x00004000   Zero   RW         7420    .bss                adc_app.o
    0x20004794        -       0x00000018   Zero   RW         7490    .bss                config_manager.o
    0x200047ac        -       0x00000088   Zero   RW         7584    .bss                data_storage.o
    0x20004834        -       0x00000020   Zero   RW         7679    .bss                device_id.o
    0x20004854        -       0x00000010   Zero   RW         8005    .bss                sampling_control.o
    0x20004864        -       0x0000018c   Zero   RW         8209    .bss                usart_app.o
    0x200049f0        -       0x00000080   Zero   RW         8210    .bss                usart_app.o
    0x20004a70        -       0x00001000   Zero   RW            2    HEAP                startup_stm32f429xx.o
    0x20005a70        -       0x00000400   Zero   RW            1    STACK               startup_stm32f429xx.o


==============================================================================

Image component sizes


      Code (inc. data)   RO Data    RW Data    ZI Data      Debug   Object Name

       316         34          0          0        168       1847   adc.o
       240         52          0          8      16384       2746   adc_app.o
       162         26          0          0          0       4084   bsp_driver_sd.o
       260         26     175030          0          0       2979   cc936.o
       576         80         88          1         24       7912   config_manager.o
       220         30          0          0        116       1761   dac.o
      1626        378        122         36        136      12333   data_storage.o
       388        164          0          0         32       3807   device_id.o
       160         26          0          0          0       3709   diskio.o
        92          4          0          0          0        830   dma.o
        32         12          0          5        564       1524   fatfs.o
      7766         98         42          8        128      54915   ff.o
        74          4          0          0         12       1647   ff_gen_drv.o
       680         42          0          0          0       6492   gd25qxx.o
       268         16          0          0          0       1079   gpio.o
       200         28          0          0         84       1709   i2c.o
       488         30          0          1          0       4134   ini_parser.o
       724        384          0          4          0       1796   key_app.o
       220         12          0         14          0       1994   led_app.o
       304         30          0          0          0     849812   main.o
       396         24       2712         22          0       5483   oled.o
       284         68          0          1          0       4311   oled_app.o
       364          0          0          0          0       6227   ringbuffer.o
       236         24          0          0         32       1731   rtc.o
       596        164          0          0          0       3381   rtc_app.o
       576         92          0          1         16       8692   sampling_control.o
        72          8          0         76          0       1720   scheduler.o
       236         16         20          1          0       4852   sd_diskio.o
       180         26          0          0        132       1673   sdio.o
       180         24          0          0         88       1713   spi.o
        36          8        428          0       5120        832   startup_stm32f429xx.o
       180         28          0         12          0       9569   stm32f4xx_hal.o
      1634         72          0          0          0       9237   stm32f4xx_hal_adc.o
         2          0          0          0          0        985   stm32f4xx_hal_adc_ex.o
       198         14          0          0          0      33831   stm32f4xx_hal_cortex.o
       118          0          0          0          0       1955   stm32f4xx_hal_dac.o
      1084         16          8          0          0       7366   stm32f4xx_hal_dma.o
       584         54          0          0          0       2879   stm32f4xx_hal_gpio.o
      1414         32          0          0          0       9643   stm32f4xx_hal_i2c.o
       128          0          0          0          0       1863   stm32f4xx_hal_i2c_ex.o
        48          6          0          0          0        862   stm32f4xx_hal_msp.o
      1348         76          0          0          0       5252   stm32f4xx_hal_rcc.o
       596         36          0          0          0       1616   stm32f4xx_hal_rcc_ex.o
       862         36          0          0          0       8205   stm32f4xx_hal_rtc.o
        20          0          0          0          0       1723   stm32f4xx_hal_rtc_ex.o
      2500         32          0          0          0      12552   stm32f4xx_hal_sd.o
       976         14          0          0          0       4913   stm32f4xx_hal_spi.o
      1066         76          0          0          0      10914   stm32f4xx_hal_tim.o
       148         28          0          0          0       2497   stm32f4xx_hal_tim_ex.o
      2242         30          0          0          0      16596   stm32f4xx_hal_uart.o
        92         36          0          0          0       7061   stm32f4xx_it.o
      1668         48          0          0          0      23663   stm32f4xx_ll_sdmmc.o
         8          0          0          0          0       1675   syscall.o
       626        224        180          0          0       4676   system_check.o
        16          4         24          4          0       1135   system_stm32f4xx.o
       344         46          0          0        216       2942   tim.o
       256         34          0          0        168       4181   usart.o
      5338       2538        105         16        524      19340   usart_app.o

    ----------------------------------------------------------------------
     41516       5410     178796        220      23944    1214856   Object Totals
         0          0         32          0          0          0   (incl. Generated)
        68          0          5         10          0          0   (incl. Padding)

    ----------------------------------------------------------------------

      Code (inc. data)   RO Data    RW Data    ZI Data      Debug   Library Member Name

       140         22          0          0          0        132   frexp.o
       266         16          0          0          0        308   narrow.o
        32          6          0          0          0        124   strtof.o
        56          8          0          0          0         84   __0sscanf.o
        28          0          0          0          0         68   _chval.o
       812          4          0          0          0        112   _scanf.o
       332          0          0          0          0         96   _scanf_int.o
        64          0          0          0          0         84   _sgetc.o
         8          4        133          0          0         68   ctype_o.o
         0          0          0          0          0          0   entry.o
         0          0          0          0          0          0   entry10a.o
         0          0          0          0          0          0   entry11a.o
         8          4          0          0          0          0   entry2.o
         4          0          0          0          0          0   entry5.o
         0          0          0          0          0          0   entry7b.o
         0          0          0          0          0          0   entry8b.o
         8          4          0          0          0          0   entry9a.o
        12          6          0          4          0         68   errno.o
        30          0          0          0          0          0   handlers.o
        36          8          0          0          0         68   init.o
        18          0          0          0          0         76   isspace_o.o
         0          0          0          0          0          0   iusefp.o
        30          0          0          0          0         68   llshl.o
        36          0          0          0          0         68   llsshr.o
        32          0          0          0          0         68   llushr.o
       188         20          0          0          0        160   malloc.o
        64          0          0          0          0         76   memmovea.o
        36          0          0          0          0        108   memseta.o
         0          0          0          8          0          0   mvars.o
      2342         90          0          0          0        668   printfa.o
        40          8          0          0          0         84   scanf_char.o
       878         12          0          0          0        216   scanf_fp.o
        20          0          0          0          0         68   strchr.o
        28          0          0          0          0         76   strcmp.o
        18          0          0          0          0         68   strcpy.o
        14          0          0          0          0         68   strlen.o
        30          0          0          0          0         80   strncmp.o
        24          0          0          0          0         76   strncpy.o
       156         12          0          0          0        120   strtod.o
        26          0          0          0          0         80   strtof.o
        44          0          0          0          0         80   uidiv.o
        98          0          0          0          0         92   uldiv.o
        48          0          0          0          0         68   cdcmple.o
        48          0          0          0          0         68   cdrcmple.o
        56          0          0          0          0         88   d2f.o
       334          0          0          0          0        148   dadd.o
       222          0          0          0          0        100   ddiv.o
       186          0          0          0          0        176   depilogue.o
        48          0          0          0          0         68   dfixul.o
        24          0          0          0          0         76   dfltul.o
       228          0          0          0          0         96   dmul.o
        38          0          0          0          0         68   f2d.o
       110          0          0          0          0        168   fepilogue.o
         4          0          0          0          0         68   fpstat.o

    ----------------------------------------------------------------------
      7312        224        136         12          0       4804   Library Totals
         8          0          3          0          0          0   (incl. Padding)

    ----------------------------------------------------------------------

      Code (inc. data)   RO Data    RW Data    ZI Data      Debug   Library Name

       438         44          0          0          0        564   m_wm.l
      5520        180        133         12          0       3048   mc_w.l
      1346          0          0          0          0       1192   mf_w.l

    ----------------------------------------------------------------------
      7312        224        136         12          0       4804   Library Totals

    ----------------------------------------------------------------------

==============================================================================


      Code (inc. data)   RO Data    RW Data    ZI Data      Debug   

     48828       5634     178932        232      23944    1181424   Grand Totals
     48828       5634     178932        232      23944    1181424   ELF Image Totals
     48828       5634     178932        232          0          0   ROM Totals

==============================================================================

    Total RO  Size (Code + RO Data)               227760 ( 222.42kB)
    Total RW  Size (RW Data + ZI Data)             24176 (  23.61kB)
    Total ROM Size (Code + RO Data + RW Data)     227992 ( 222.65kB)

==============================================================================

